src/app/page.tsx(4,41): error TS2792: Cannot find module 'framer-motion'. Did you mean to set the 'moduleResolution' option to 'nodenext', or to add aliases to the 'paths' option?
src/app/page.tsx(5,30): error TS2792: Cannot find module '@/components/calendar/CalendarView'. Did you mean to set the 'moduleResolution' option to 'nodenext', or to add aliases to the 'paths' option?
src/app/page.tsx(6,22): error TS2792: Cannot find module '@/components/goals/GoalTree'. Did you mean to set the 'moduleResolution' option to 'nodenext', or to add aliases to the 'paths' option?
src/app/page.tsx(7,30): error TS2792: Cannot find module '@/components/habits/HabitTracker'. Did you mean to set the 'moduleResolution' option to 'nodenext', or to add aliases to the 'paths' option?
src/app/page.tsx(8,27): error TS2792: Cannot find module '@/components/tasks/TaskBoard'. Did you mean to set the 'moduleResolution' option to 'nodenext', or to add aliases to the 'paths' option?
src/app/page.tsx(9,31): error TS2792: Cannot find module '@/components/tasks/UpcomingTasks'. Did you mean to set the 'moduleResolution' option to 'nodenext', or to add aliases to the 'paths' option?
src/app/page.tsx(10,26): error TS2792: Cannot find module '@/components/auth/UserMenu'. Did you mean to set the 'moduleResolution' option to 'nodenext', or to add aliases to the 'paths' option?
src/app/page.tsx(11,29): error TS2792: Cannot find module '@/components/journal/JournalView'. Did you mean to set the 'moduleResolution' option to 'nodenext', or to add aliases to the 'paths' option?
src/app/page.tsx(12,27): error TS2792: Cannot find module '@/components/ideas/IdeaBoard'. Did you mean to set the 'moduleResolution' option to 'nodenext', or to add aliases to the 'paths' option?
src/app/page.tsx(13,31): error TS2792: Cannot find module '@/components/people/PeopleManager'. Did you mean to set the 'moduleResolution' option to 'nodenext', or to add aliases to the 'paths' option?
src/app/page.tsx(14,30): error TS2792: Cannot find module '@/components/scraps/ScrapManager'. Did you mean to set the 'moduleResolution' option to 'nodenext', or to add aliases to the 'paths' option?
src/app/page.tsx(15,26): error TS2792: Cannot find module '@/components/tools/Pomodoro'. Did you mean to set the 'moduleResolution' option to 'nodenext', or to add aliases to the 'paths' option?
src/app/page.tsx(16,34): error TS2792: Cannot find module '@/components/tools/DataExportButton'. Did you mean to set the 'moduleResolution' option to 'nodenext', or to add aliases to the 'paths' option?
src/app/page.tsx(17,28): error TS2792: Cannot find module '@/components/guide/GuideModal'. Did you mean to set the 'moduleResolution' option to 'nodenext', or to add aliases to the 'paths' option?
src/app/page.tsx(18,28): error TS2792: Cannot find module '@/components/project/WorkLayout'. Did you mean to set the 'moduleResolution' option to 'nodenext', or to add aliases to the 'paths' option?
src/app/page.tsx(19,33): error TS2792: Cannot find module '@/components/work/sections/WorkTimeSection'. Did you mean to set the 'moduleResolution' option to 'nodenext', or to add aliases to the 'paths' option?
src/app/page.tsx(20,37): error TS2792: Cannot find module '@/components/project/WorkTemplateSection'. Did you mean to set the 'moduleResolution' option to 'nodenext', or to add aliases to the 'paths' option?
src/app/page.tsx(21,35): error TS2792: Cannot find module '@/components/work/sections/WorkPeopleSection'. Did you mean to set the 'moduleResolution' option to 'nodenext', or to add aliases to the 'paths' option?
src/app/page.tsx(22,31): error TS2792: Cannot find module '@/components/home/HomeDashboard'. Did you mean to set the 'moduleResolution' option to 'nodenext', or to add aliases to the 'paths' option?
src/app/page.tsx(23,35): error TS2792: Cannot find module '@/components/work/WorkMainDashboard'. Did you mean to set the 'moduleResolution' option to 'nodenext', or to add aliases to the 'paths' option?
src/app/page.tsx(24,29): error TS2792: Cannot find module '@/components/growth/LanguageLog'. Did you mean to set the 'moduleResolution' option to 'nodenext', or to add aliases to the 'paths' option?
src/app/page.tsx(25,28): error TS2792: Cannot find module '@/components/growth/ReadingLog'. Did you mean to set the 'moduleResolution' option to 'nodenext', or to add aliases to the 'paths' option?
src/app/page.tsx(26,29): error TS2792: Cannot find module '@/components/growth/ExerciseLog'. Did you mean to set the 'moduleResolution' option to 'nodenext', or to add aliases to the 'paths' option?
src/app/page.tsx(27,25): error TS2792: Cannot find module '@/components/growth/DietLog'. Did you mean to set the 'moduleResolution' option to 'nodenext', or to add aliases to the 'paths' option?
src/app/page.tsx(28,27): error TS2792: Cannot find module '@/components/growth/InBodyLog'. Did you mean to set the 'moduleResolution' option to 'nodenext', or to add aliases to the 'paths' option?
src/app/page.tsx(29,26): error TS2792: Cannot find module '@/components/growth/HobbyLog'. Did you mean to set the 'moduleResolution' option to 'nodenext', or to add aliases to the 'paths' option?
src/app/page.tsx(30,29): error TS2792: Cannot find module '@/components/layout/MegaMenu'. Did you mean to set the 'moduleResolution' option to 'nodenext', or to add aliases to the 'paths' option?
src/app/page.tsx(31,30): error TS2792: Cannot find module '@/components/layout/MobileHeader'. Did you mean to set the 'moduleResolution' option to 'nodenext', or to add aliases to the 'paths' option?
src/app/page.tsx(32,33): error TS2792: Cannot find module '@/components/layout/MobileBottomNav'. Did you mean to set the 'moduleResolution' option to 'nodenext', or to add aliases to the 'paths' option?
src/app/page.tsx(33,36): error TS2792: Cannot find module '@/components/layout/MobileCategoryTabs'. Did you mean to set the 'moduleResolution' option to 'nodenext', or to add aliases to the 'paths' option?
src/app/page.tsx(34,32): error TS2792: Cannot find module '@/components/layout/FloatingModule'. Did you mean to set the 'moduleResolution' option to 'nodenext', or to add aliases to the 'paths' option?
src/app/page.tsx(35,33): error TS2792: Cannot find module '@/components/layout/CloudSyncStatus'. Did you mean to set the 'moduleResolution' option to 'nodenext', or to add aliases to the 'paths' option?
src/app/page.tsx(36,98): error TS2792: Cannot find module '@/constants/menu'. Did you mean to set the 'moduleResolution' option to 'nodenext', or to add aliases to the 'paths' option?
src/app/page.tsx(37,27): error TS2792: Cannot find module '@/components/layout/TabHeader'. Did you mean to set the 'moduleResolution' option to 'nodenext', or to add aliases to the 'paths' option?
src/app/page.tsx(39,36): error TS2792: Cannot find module '@/components/growth/CertificateManager'. Did you mean to set the 'moduleResolution' option to 'nodenext', or to add aliases to the 'paths' option?
src/app/page.tsx(40,32): error TS2792: Cannot find module '@/components/growth/PortfolioBoard'. Did you mean to set the 'moduleResolution' option to 'nodenext', or to add aliases to the 'paths' option?
src/app/page.tsx(41,28): error TS2792: Cannot find module '@/components/finance/LedgerView'. Did you mean to set the 'moduleResolution' option to 'nodenext', or to add aliases to the 'paths' option?
src/app/page.tsx(42,32): error TS2792: Cannot find module '@/components/finance/AssetDashboard'. Did you mean to set the 'moduleResolution' option to 'nodenext', or to add aliases to the 'paths' option?
src/app/page.tsx(43,32): error TS2792: Cannot find module '@/components/finance/FundManagement'. Did you mean to set the 'moduleResolution' option to 'nodenext', or to add aliases to the 'paths' option?
src/app/page.tsx(44,31): error TS2792: Cannot find module '@/components/finance/RealEstateTab'. Did you mean to set the 'moduleResolution' option to 'nodenext', or to add aliases to the 'paths' option?
src/app/page.tsx(45,31): error TS2792: Cannot find module '@/components/finance/InvestmentTab'. Did you mean to set the 'moduleResolution' option to 'nodenext', or to add aliases to the 'paths' option?
src/app/page.tsx(46,33): error TS2792: Cannot find module '@/components/growth/LearningPlanner'. Did you mean to set the 'moduleResolution' option to 'nodenext', or to add aliases to the 'paths' option?
src/app/page.tsx(47,33): error TS2792: Cannot find module '@/components/report/ReportGenerator'. Did you mean to set the 'moduleResolution' option to 'nodenext', or to add aliases to the 'paths' option?
src/app/page.tsx(48,31): error TS2792: Cannot find module '@/components/weather/WeatherWidget'. Did you mean to set the 'moduleResolution' option to 'nodenext', or to add aliases to the 'paths' option?
src/app/page.tsx(49,100): error TS2792: Cannot find module 'lucide-react'. Did you mean to set the 'moduleResolution' option to 'nodenext', or to add aliases to the 'paths' option?
src/app/page.tsx(50,24): error TS2792: Cannot find module '@/components/ui/button'. Did you mean to set the 'moduleResolution' option to 'nodenext', or to add aliases to the 'paths' option?
src/app/page.tsx(51,29): error TS2792: Cannot find module '@/components/ui/ThemeToggle'. Did you mean to set the 'moduleResolution' option to 'nodenext', or to add aliases to the 'paths' option?
src/app/page.tsx(52,22): error TS2792: Cannot find module '@/components/ui/Logo'. Did you mean to set the 'moduleResolution' option to 'nodenext', or to add aliases to the 'paths' option?
src/app/page.tsx(53,37): error TS2792: Cannot find module '@/components/ui/hover-border-gradient'. Did you mean to set the 'moduleResolution' option to 'nodenext', or to add aliases to the 'paths' option?
src/app/page.tsx(54,20): error TS2792: Cannot find module '@/lib/utils'. Did you mean to set the 'moduleResolution' option to 'nodenext', or to add aliases to the 'paths' option?
src/app/page.tsx(56,29): error TS2792: Cannot find module '@/components/landing/LandingPage'. Did you mean to set the 'moduleResolution' option to 'nodenext', or to add aliases to the 'paths' option?
src/app/page.tsx(57,25): error TS2792: Cannot find module '@/components/auth/SessionProvider'. Did you mean to set the 'moduleResolution' option to 'nodenext', or to add aliases to the 'paths' option?
src/app/page.tsx(58,42): error TS2792: Cannot find module '@/hooks/useBirthdayNotifications'. Did you mean to set the 'moduleResolution' option to 'nodenext', or to add aliases to the 'paths' option?
src/app/page.tsx(59,26): error TS2792: Cannot find module '@/components/ads/AdBanner'. Did you mean to set the 'moduleResolution' option to 'nodenext', or to add aliases to the 'paths' option?
src/app/page.tsx(114,7): error TS2339: Property 'div' does not exist on type 'JSX.IntrinsicElements'.
src/app/page.tsx(115,9): error TS2339: Property 'div' does not exist on type 'JSX.IntrinsicElements'.
src/app/page.tsx(116,11): error TS2339: Property 'div' does not exist on type 'JSX.IntrinsicElements'.
src/app/page.tsx(117,11): error TS2339: Property 'div' does not exist on type 'JSX.IntrinsicElements'.
src/app/page.tsx(118,13): error TS2339: Property 'svg' does not exist on type 'JSX.IntrinsicElements'.
src/app/page.tsx(119,15): error TS2339: Property 'path' does not exist on type 'JSX.IntrinsicElements'.
src/app/page.tsx(120,15): error TS2339: Property 'path' does not exist on type 'JSX.IntrinsicElements'.
src/app/page.tsx(121,15): error TS2339: Property 'path' does not exist on type 'JSX.IntrinsicElements'.
src/app/page.tsx(122,13): error TS2339: Property 'svg' does not exist on type 'JSX.IntrinsicElements'.
src/app/page.tsx(123,11): error TS2339: Property 'div' does not exist on type 'JSX.IntrinsicElements'.
src/app/page.tsx(124,9): error TS2339: Property 'div' does not exist on type 'JSX.IntrinsicElements'.
src/app/page.tsx(125,9): error TS2339: Property 'div' does not exist on type 'JSX.IntrinsicElements'.
src/app/page.tsx(126,11): error TS2339: Property 'span' does not exist on type 'JSX.IntrinsicElements'.
src/app/page.tsx(127,18): error TS2339: Property 'span' does not exist on type 'JSX.IntrinsicElements'.
src/app/page.tsx(127,59): error TS2339: Property 'span' does not exist on type 'JSX.IntrinsicElements'.
src/app/page.tsx(128,11): error TS2339: Property 'span' does not exist on type 'JSX.IntrinsicElements'.
src/app/page.tsx(129,11): error TS2339: Property 'div' does not exist on type 'JSX.IntrinsicElements'.
src/app/page.tsx(130,13): error TS2339: Property 'div' does not exist on type 'JSX.IntrinsicElements'.
src/app/page.tsx(131,13): error TS2339: Property 'div' does not exist on type 'JSX.IntrinsicElements'.
src/app/page.tsx(132,13): error TS2339: Property 'div' does not exist on type 'JSX.IntrinsicElements'.
src/app/page.tsx(133,11): error TS2339: Property 'div' does not exist on type 'JSX.IntrinsicElements'.
src/app/page.tsx(134,9): error TS2339: Property 'div' does not exist on type 'JSX.IntrinsicElements'.
src/app/page.tsx(135,7): error TS2339: Property 'div' does not exist on type 'JSX.IntrinsicElements'.
src/app/page.tsx(146,5): error TS2339: Property 'main' does not exist on type 'JSX.IntrinsicElements'.
src/app/page.tsx(182,7): error TS2339: Property 'header' does not exist on type 'JSX.IntrinsicElements'.
src/app/page.tsx(192,9): error TS2339: Property 'div' does not exist on type 'JSX.IntrinsicElements'.
src/app/page.tsx(193,11): error TS2339: Property 'button' does not exist on type 'JSX.IntrinsicElements'.
src/app/page.tsx(198,11): error TS2339: Property 'button' does not exist on type 'JSX.IntrinsicElements'.
src/app/page.tsx(201,11): error TS2339: Property 'div' does not exist on type 'JSX.IntrinsicElements'.
src/app/page.tsx(253,11): error TS2339: Property 'div' does not exist on type 'JSX.IntrinsicElements'.
src/app/page.tsx(255,11): error TS2339: Property 'div' does not exist on type 'JSX.IntrinsicElements'.
src/app/page.tsx(260,11): error TS2339: Property 'div' does not exist on type 'JSX.IntrinsicElements'.
src/app/page.tsx(261,9): error TS2339: Property 'div' does not exist on type 'JSX.IntrinsicElements'.
src/app/page.tsx(262,9): error TS2339: Property 'div' does not exist on type 'JSX.IntrinsicElements'.
src/app/page.tsx(284,9): error TS2339: Property 'div' does not exist on type 'JSX.IntrinsicElements'.
src/app/page.tsx(285,7): error TS2339: Property 'header' does not exist on type 'JSX.IntrinsicElements'.
src/app/page.tsx(288,7): error TS2339: Property 'div' does not exist on type 'JSX.IntrinsicElements'.
src/app/page.tsx(289,9): error TS2339: Property 'div' does not exist on type 'JSX.IntrinsicElements'.
src/app/page.tsx(300,9): error TS2339: Property 'div' does not exist on type 'JSX.IntrinsicElements'.
src/app/page.tsx(301,7): error TS2339: Property 'div' does not exist on type 'JSX.IntrinsicElements'.
src/app/page.tsx(325,13): error TS2339: Property 'div' does not exist on type 'JSX.IntrinsicElements'.
src/app/page.tsx(331,15): error TS2339: Property 'div' does not exist on type 'JSX.IntrinsicElements'.
src/app/page.tsx(376,19): error TS2339: Property 'div' does not exist on type 'JSX.IntrinsicElements'.
src/app/page.tsx(392,19): error TS2339: Property 'div' does not exist on type 'JSX.IntrinsicElements'.
src/app/page.tsx(395,19): error TS2339: Property 'div' does not exist on type 'JSX.IntrinsicElements'.
src/app/page.tsx(397,19): error TS2339: Property 'div' does not exist on type 'JSX.IntrinsicElements'.
src/app/page.tsx(400,19): error TS2339: Property 'div' does not exist on type 'JSX.IntrinsicElements'.
src/app/page.tsx(402,19): error TS2339: Property 'div' does not exist on type 'JSX.IntrinsicElements'.
src/app/page.tsx(405,19): error TS2339: Property 'div' does not exist on type 'JSX.IntrinsicElements'.
src/app/page.tsx(407,19): error TS2339: Property 'div' does not exist on type 'JSX.IntrinsicElements'.
src/app/page.tsx(410,19): error TS2339: Property 'div' does not exist on type 'JSX.IntrinsicElements'.
src/app/page.tsx(412,19): error TS2339: Property 'div' does not exist on type 'JSX.IntrinsicElements'.
src/app/page.tsx(415,19): error TS2339: Property 'div' does not exist on type 'JSX.IntrinsicElements'.
src/app/page.tsx(417,19): error TS2339: Property 'div' does not exist on type 'JSX.IntrinsicElements'.
src/app/page.tsx(420,19): error TS2339: Property 'div' does not exist on type 'JSX.IntrinsicElements'.
src/app/page.tsx(422,19): error TS2339: Property 'div' does not exist on type 'JSX.IntrinsicElements'.
src/app/page.tsx(427,19): error TS2339: Property 'div' does not exist on type 'JSX.IntrinsicElements'.
src/app/page.tsx(429,19): error TS2339: Property 'div' does not exist on type 'JSX.IntrinsicElements'.
src/app/page.tsx(432,19): error TS2339: Property 'div' does not exist on type 'JSX.IntrinsicElements'.
src/app/page.tsx(434,19): error TS2339: Property 'div' does not exist on type 'JSX.IntrinsicElements'.
src/app/page.tsx(437,19): error TS2339: Property 'div' does not exist on type 'JSX.IntrinsicElements'.
src/app/page.tsx(439,19): error TS2339: Property 'div' does not exist on type 'JSX.IntrinsicElements'.
src/app/page.tsx(442,19): error TS2339: Property 'div' does not exist on type 'JSX.IntrinsicElements'.
src/app/page.tsx(444,19): error TS2339: Property 'div' does not exist on type 'JSX.IntrinsicElements'.
src/app/page.tsx(447,19): error TS2339: Property 'div' does not exist on type 'JSX.IntrinsicElements'.
src/app/page.tsx(449,19): error TS2339: Property 'div' does not exist on type 'JSX.IntrinsicElements'.
src/app/page.tsx(452,19): error TS2339: Property 'div' does not exist on type 'JSX.IntrinsicElements'.
src/app/page.tsx(454,19): error TS2339: Property 'div' does not exist on type 'JSX.IntrinsicElements'.
src/app/page.tsx(457,19): error TS2339: Property 'div' does not exist on type 'JSX.IntrinsicElements'.
src/app/page.tsx(459,19): error TS2339: Property 'div' does not exist on type 'JSX.IntrinsicElements'.
src/app/page.tsx(462,19): error TS2339: Property 'div' does not exist on type 'JSX.IntrinsicElements'.
src/app/page.tsx(464,19): error TS2339: Property 'div' does not exist on type 'JSX.IntrinsicElements'.
src/app/page.tsx(467,19): error TS2339: Property 'div' does not exist on type 'JSX.IntrinsicElements'.
src/app/page.tsx(469,19): error TS2339: Property 'div' does not exist on type 'JSX.IntrinsicElements'.
src/app/page.tsx(472,19): error TS2339: Property 'div' does not exist on type 'JSX.IntrinsicElements'.
src/app/page.tsx(474,19): error TS2339: Property 'div' does not exist on type 'JSX.IntrinsicElements'.
src/app/page.tsx(479,19): error TS2339: Property 'div' does not exist on type 'JSX.IntrinsicElements'.
src/app/page.tsx(481,19): error TS2339: Property 'div' does not exist on type 'JSX.IntrinsicElements'.
src/app/page.tsx(484,19): error TS2339: Property 'div' does not exist on type 'JSX.IntrinsicElements'.
src/app/page.tsx(486,19): error TS2339: Property 'div' does not exist on type 'JSX.IntrinsicElements'.
src/app/page.tsx(489,19): error TS2339: Property 'div' does not exist on type 'JSX.IntrinsicElements'.
src/app/page.tsx(491,19): error TS2339: Property 'div' does not exist on type 'JSX.IntrinsicElements'.
src/app/page.tsx(494,19): error TS2339: Property 'div' does not exist on type 'JSX.IntrinsicElements'.
src/app/page.tsx(496,19): error TS2339: Property 'div' does not exist on type 'JSX.IntrinsicElements'.
src/app/page.tsx(501,19): error TS2339: Property 'div' does not exist on type 'JSX.IntrinsicElements'.
src/app/page.tsx(503,19): error TS2339: Property 'div' does not exist on type 'JSX.IntrinsicElements'.
src/app/page.tsx(506,19): error TS2339: Property 'div' does not exist on type 'JSX.IntrinsicElements'.
src/app/page.tsx(508,19): error TS2339: Property 'div' does not exist on type 'JSX.IntrinsicElements'.
src/app/page.tsx(511,19): error TS2339: Property 'div' does not exist on type 'JSX.IntrinsicElements'.
src/app/page.tsx(513,19): error TS2339: Property 'div' does not exist on type 'JSX.IntrinsicElements'.
src/app/page.tsx(516,19): error TS2339: Property 'div' does not exist on type 'JSX.IntrinsicElements'.
src/app/page.tsx(518,19): error TS2339: Property 'div' does not exist on type 'JSX.IntrinsicElements'.
src/app/page.tsx(521,19): error TS2339: Property 'div' does not exist on type 'JSX.IntrinsicElements'.
src/app/page.tsx(523,19): error TS2339: Property 'div' does not exist on type 'JSX.IntrinsicElements'.
src/app/page.tsx(528,19): error TS2339: Property 'div' does not exist on type 'JSX.IntrinsicElements'.
src/app/page.tsx(532,19): error TS2339: Property 'div' does not exist on type 'JSX.IntrinsicElements'.
src/app/page.tsx(534,15): error TS2339: Property 'div' does not exist on type 'JSX.IntrinsicElements'.
src/app/page.tsx(535,13): error TS2339: Property 'div' does not exist on type 'JSX.IntrinsicElements'.
src/app/page.tsx(561,5): error TS2339: Property 'main' does not exist on type 'JSX.IntrinsicElements'.
src/components/finance/AssetDashboard.tsx(4,25): error TS2792: Cannot find module '@/context/DataProvider'. Did you mean to set the 'moduleResolution' option to 'nodenext', or to add aliases to the 'paths' option?
src/components/finance/AssetDashboard.tsx(5,32): error TS2792: Cannot find module '@/lib/utils'. Did you mean to set the 'moduleResolution' option to 'nodenext', or to add aliases to the 'paths' option?
src/components/finance/AssetDashboard.tsx(6,24): error TS2792: Cannot find module '@/components/ui/button'. Did you mean to set the 'moduleResolution' option to 'nodenext', or to add aliases to the 'paths' option?
src/components/finance/AssetDashboard.tsx(7,23): error TS2792: Cannot find module '@/components/ui/input'. Did you mean to set the 'moduleResolution' option to 'nodenext', or to add aliases to the 'paths' option?
src/components/finance/AssetDashboard.tsx(8,23): error TS2792: Cannot find module '@/components/ui/label'. Did you mean to set the 'moduleResolution' option to 'nodenext', or to add aliases to the 'paths' option?
src/components/finance/AssetDashboard.tsx(9,58): error TS2792: Cannot find module '@/components/ui/card'. Did you mean to set the 'moduleResolution' option to 'nodenext', or to add aliases to the 'paths' option?
src/components/finance/AssetDashboard.tsx(10,95): error TS2792: Cannot find module '@/components/ui/dialog'. Did you mean to set the 'moduleResolution' option to 'nodenext', or to add aliases to the 'paths' option?
src/components/finance/AssetDashboard.tsx(15,8): error TS2792: Cannot find module 'lucide-react'. Did you mean to set the 'moduleResolution' option to 'nodenext', or to add aliases to the 'paths' option?
src/components/finance/AssetDashboard.tsx(16,23): error TS2792: Cannot find module '@/types'. Did you mean to set the 'moduleResolution' option to 'nodenext', or to add aliases to the 'paths' option?
src/components/finance/AssetDashboard.tsx(17,41): error TS2792: Cannot find module 'framer-motion'. Did you mean to set the 'moduleResolution' option to 'nodenext', or to add aliases to the 'paths' option?
src/components/finance/AssetDashboard.tsx(114,9): error TS2339: Property 'div' does not exist on type 'JSX.IntrinsicElements'.
src/components/finance/AssetDashboard.tsx(115,13): error TS2339: Property 'div' does not exist on type 'JSX.IntrinsicElements'.
src/components/finance/AssetDashboard.tsx(118,13): error TS2339: Property 'div' does not exist on type 'JSX.IntrinsicElements'.
src/components/finance/AssetDashboard.tsx(119,17): error TS2339: Property 'div' does not exist on type 'JSX.IntrinsicElements'.
src/components/finance/AssetDashboard.tsx(120,21): error TS2339: Property 'div' does not exist on type 'JSX.IntrinsicElements'.
src/components/finance/AssetDashboard.tsx(121,25): error TS2339: Property 'div' does not exist on type 'JSX.IntrinsicElements'.
src/components/finance/AssetDashboard.tsx(123,25): error TS2339: Property 'div' does not exist on type 'JSX.IntrinsicElements'.
src/components/finance/AssetDashboard.tsx(124,25): error TS2339: Property 'div' does not exist on type 'JSX.IntrinsicElements'.
src/components/finance/AssetDashboard.tsx(125,29): error TS2339: Property 'h2' does not exist on type 'JSX.IntrinsicElements'.
src/components/finance/AssetDashboard.tsx(125,130): error TS2339: Property 'h2' does not exist on type 'JSX.IntrinsicElements'.
src/components/finance/AssetDashboard.tsx(126,29): error TS2339: Property 'p' does not exist on type 'JSX.IntrinsicElements'.
src/components/finance/AssetDashboard.tsx(128,29): error TS2339: Property 'p' does not exist on type 'JSX.IntrinsicElements'.
src/components/finance/AssetDashboard.tsx(129,25): error TS2339: Property 'div' does not exist on type 'JSX.IntrinsicElements'.
src/components/finance/AssetDashboard.tsx(130,21): error TS2339: Property 'div' does not exist on type 'JSX.IntrinsicElements'.
src/components/finance/AssetDashboard.tsx(132,21): error TS2339: Property 'div' does not exist on type 'JSX.IntrinsicElements'.
src/components/finance/AssetDashboard.tsx(133,25): error TS2339: Property 'div' does not exist on type 'JSX.IntrinsicElements'.
src/components/finance/AssetDashboard.tsx(134,29): error TS2339: Property 'div' does not exist on type 'JSX.IntrinsicElements'.
src/components/finance/AssetDashboard.tsx(135,33): error TS2339: Property 'span' does not exist on type 'JSX.IntrinsicElements'.
src/components/finance/AssetDashboard.tsx(135,138): error TS2339: Property 'span' does not exist on type 'JSX.IntrinsicElements'.
src/components/finance/AssetDashboard.tsx(136,29): error TS2339: Property 'div' does not exist on type 'JSX.IntrinsicElements'.
src/components/finance/AssetDashboard.tsx(137,25): error TS2339: Property 'div' does not exist on type 'JSX.IntrinsicElements'.
src/components/finance/AssetDashboard.tsx(144,21): error TS2339: Property 'div' does not exist on type 'JSX.IntrinsicElements'.
src/components/finance/AssetDashboard.tsx(145,17): error TS2339: Property 'div' does not exist on type 'JSX.IntrinsicElements'.
src/components/finance/AssetDashboard.tsx(149,21): error TS2339: Property 'div' does not exist on type 'JSX.IntrinsicElements'.
src/components/finance/AssetDashboard.tsx(151,21): error TS2339: Property 'div' does not exist on type 'JSX.IntrinsicElements'.
src/components/finance/AssetDashboard.tsx(153,25): error TS2339: Property 'div' does not exist on type 'JSX.IntrinsicElements'.
src/components/finance/AssetDashboard.tsx(154,29): error TS2339: Property 'h3' does not exist on type 'JSX.IntrinsicElements'.
src/components/finance/AssetDashboard.tsx(154,133): error TS2339: Property 'h3' does not exist on type 'JSX.IntrinsicElements'.
src/components/finance/AssetDashboard.tsx(155,29): error TS2339: Property 'div' does not exist on type 'JSX.IntrinsicElements'.
src/components/finance/AssetDashboard.tsx(156,33): error TS2339: Property 'span' does not exist on type 'JSX.IntrinsicElements'.
src/components/finance/AssetDashboard.tsx(156,138): error TS2339: Property 'span' does not exist on type 'JSX.IntrinsicElements'.
src/components/finance/AssetDashboard.tsx(157,33): error TS2339: Property 'span' does not exist on type 'JSX.IntrinsicElements'.
src/components/finance/AssetDashboard.tsx(157,112): error TS2339: Property 'span' does not exist on type 'JSX.IntrinsicElements'.
src/components/finance/AssetDashboard.tsx(158,29): error TS2339: Property 'div' does not exist on type 'JSX.IntrinsicElements'.
src/components/finance/AssetDashboard.tsx(159,25): error TS2339: Property 'div' does not exist on type 'JSX.IntrinsicElements'.
src/components/finance/AssetDashboard.tsx(161,25): error TS2339: Property 'div' does not exist on type 'JSX.IntrinsicElements'.
src/components/finance/AssetDashboard.tsx(162,29): error TS2339: Property 'div' does not exist on type 'JSX.IntrinsicElements'.
src/components/finance/AssetDashboard.tsx(163,33): error TS2339: Property 'div' does not exist on type 'JSX.IntrinsicElements'.
src/components/finance/AssetDashboard.tsx(165,37): error TS2339: Property 'span' does not exist on type 'JSX.IntrinsicElements'.
src/components/finance/AssetDashboard.tsx(165,130): error TS2339: Property 'span' does not exist on type 'JSX.IntrinsicElements'.
src/components/finance/AssetDashboard.tsx(166,33): error TS2339: Property 'div' does not exist on type 'JSX.IntrinsicElements'.
src/components/finance/AssetDashboard.tsx(167,33): error TS2339: Property 'div' does not exist on type 'JSX.IntrinsicElements'.
src/components/finance/AssetDashboard.tsx(167,126): error TS2339: Property 'div' does not exist on type 'JSX.IntrinsicElements'.
src/components/finance/AssetDashboard.tsx(168,29): error TS2339: Property 'div' does not exist on type 'JSX.IntrinsicElements'.
src/components/finance/AssetDashboard.tsx(169,29): error TS2339: Property 'div' does not exist on type 'JSX.IntrinsicElements'.
src/components/finance/AssetDashboard.tsx(170,33): error TS2339: Property 'div' does not exist on type 'JSX.IntrinsicElements'.
src/components/finance/AssetDashboard.tsx(172,37): error TS2339: Property 'span' does not exist on type 'JSX.IntrinsicElements'.
src/components/finance/AssetDashboard.tsx(172,135): error TS2339: Property 'span' does not exist on type 'JSX.IntrinsicElements'.
src/components/finance/AssetDashboard.tsx(173,33): error TS2339: Property 'div' does not exist on type 'JSX.IntrinsicElements'.
src/components/finance/AssetDashboard.tsx(174,33): error TS2339: Property 'div' does not exist on type 'JSX.IntrinsicElements'.
src/components/finance/AssetDashboard.tsx(174,131): error TS2339: Property 'div' does not exist on type 'JSX.IntrinsicElements'.
src/components/finance/AssetDashboard.tsx(175,29): error TS2339: Property 'div' does not exist on type 'JSX.IntrinsicElements'.
src/components/finance/AssetDashboard.tsx(176,25): error TS2339: Property 'div' does not exist on type 'JSX.IntrinsicElements'.
src/components/finance/AssetDashboard.tsx(179,13): error TS2339: Property 'div' does not exist on type 'JSX.IntrinsicElements'.
src/components/finance/AssetDashboard.tsx(182,13): error TS2339: Property 'div' does not exist on type 'JSX.IntrinsicElements'.
src/components/finance/AssetDashboard.tsx(183,17): error TS2339: Property 'div' does not exist on type 'JSX.IntrinsicElements'.
src/components/finance/AssetDashboard.tsx(185,21): error TS2339: Property 'div' does not exist on type 'JSX.IntrinsicElements'.
src/components/finance/AssetDashboard.tsx(186,25): error TS2339: Property 'div' does not exist on type 'JSX.IntrinsicElements'.
src/components/finance/AssetDashboard.tsx(188,29): error TS2339: Property 'h3' does not exist on type 'JSX.IntrinsicElements'.
src/components/finance/AssetDashboard.tsx(188,116): error TS2339: Property 'h3' does not exist on type 'JSX.IntrinsicElements'.
src/components/finance/AssetDashboard.tsx(189,25): error TS2339: Property 'div' does not exist on type 'JSX.IntrinsicElements'.
src/components/finance/AssetDashboard.tsx(191,25): error TS2339: Property 'div' does not exist on type 'JSX.IntrinsicElements'.
src/components/finance/AssetDashboard.tsx(203,41): error TS2339: Property 'div' does not exist on type 'JSX.IntrinsicElements'.
src/components/finance/AssetDashboard.tsx(204,45): error TS2339: Property 'div' does not exist on type 'JSX.IntrinsicElements'.
src/components/finance/AssetDashboard.tsx(206,45): error TS2339: Property 'div' does not exist on type 'JSX.IntrinsicElements'.
src/components/finance/AssetDashboard.tsx(207,45): error TS2339: Property 'div' does not exist on type 'JSX.IntrinsicElements'.
src/components/finance/AssetDashboard.tsx(208,49): error TS2339: Property 'h4' does not exist on type 'JSX.IntrinsicElements'.
src/components/finance/AssetDashboard.tsx(208,138): error TS2339: Property 'h4' does not exist on type 'JSX.IntrinsicElements'.
src/components/finance/AssetDashboard.tsx(209,49): error TS2339: Property 'div' does not exist on type 'JSX.IntrinsicElements'.
src/components/finance/AssetDashboard.tsx(210,53): error TS2339: Property 'span' does not exist on type 'JSX.IntrinsicElements'.
src/components/finance/AssetDashboard.tsx(210,158): error TS2339: Property 'span' does not exist on type 'JSX.IntrinsicElements'.
src/components/finance/AssetDashboard.tsx(211,76): error TS2339: Property 'span' does not exist on type 'JSX.IntrinsicElements'.
src/components/finance/AssetDashboard.tsx(211,158): error TS2339: Property 'span' does not exist on type 'JSX.IntrinsicElements'.
src/components/finance/AssetDashboard.tsx(212,49): error TS2339: Property 'div' does not exist on type 'JSX.IntrinsicElements'.
src/components/finance/AssetDashboard.tsx(213,45): error TS2339: Property 'div' does not exist on type 'JSX.IntrinsicElements'.
src/components/finance/AssetDashboard.tsx(214,41): error TS2339: Property 'div' does not exist on type 'JSX.IntrinsicElements'.
src/components/finance/AssetDashboard.tsx(215,41): error TS2339: Property 'div' does not exist on type 'JSX.IntrinsicElements'.
src/components/finance/AssetDashboard.tsx(216,45): error TS2339: Property 'div' does not exist on type 'JSX.IntrinsicElements'.
src/components/finance/AssetDashboard.tsx(217,49): error TS2339: Property 'div' does not exist on type 'JSX.IntrinsicElements'.
src/components/finance/AssetDashboard.tsx(217,143): error TS2339: Property 'div' does not exist on type 'JSX.IntrinsicElements'.
src/components/finance/AssetDashboard.tsx(218,49): error TS2339: Property 'div' does not exist on type 'JSX.IntrinsicElements'.
src/components/finance/AssetDashboard.tsx(218,136): error TS2339: Property 'div' does not exist on type 'JSX.IntrinsicElements'.
src/components/finance/AssetDashboard.tsx(219,45): error TS2339: Property 'div' does not exist on type 'JSX.IntrinsicElements'.
src/components/finance/AssetDashboard.tsx(220,45): error TS2339: Property 'div' does not exist on type 'JSX.IntrinsicElements'.
src/components/finance/AssetDashboard.tsx(221,49): error TS2339: Property 'button' does not exist on type 'JSX.IntrinsicElements'.
src/components/finance/AssetDashboard.tsx(223,49): error TS2339: Property 'button' does not exist on type 'JSX.IntrinsicElements'.
src/components/finance/AssetDashboard.tsx(224,49): error TS2339: Property 'button' does not exist on type 'JSX.IntrinsicElements'.
src/components/finance/AssetDashboard.tsx(226,49): error TS2339: Property 'button' does not exist on type 'JSX.IntrinsicElements'.
src/components/finance/AssetDashboard.tsx(227,45): error TS2339: Property 'div' does not exist on type 'JSX.IntrinsicElements'.
src/components/finance/AssetDashboard.tsx(228,41): error TS2339: Property 'div' does not exist on type 'JSX.IntrinsicElements'.
src/components/finance/AssetDashboard.tsx(233,33): error TS2339: Property 'div' does not exist on type 'JSX.IntrinsicElements'.
src/components/finance/AssetDashboard.tsx(235,37): error TS2339: Property 'p' does not exist on type 'JSX.IntrinsicElements'.
src/components/finance/AssetDashboard.tsx(235,121): error TS2339: Property 'p' does not exist on type 'JSX.IntrinsicElements'.
src/components/finance/AssetDashboard.tsx(236,33): error TS2339: Property 'div' does not exist on type 'JSX.IntrinsicElements'.
src/components/finance/AssetDashboard.tsx(238,25): error TS2339: Property 'div' does not exist on type 'JSX.IntrinsicElements'.
src/components/finance/AssetDashboard.tsx(239,21): error TS2339: Property 'div' does not exist on type 'JSX.IntrinsicElements'.
src/components/finance/AssetDashboard.tsx(242,21): error TS2339: Property 'div' does not exist on type 'JSX.IntrinsicElements'.
src/components/finance/AssetDashboard.tsx(243,25): error TS2339: Property 'div' does not exist on type 'JSX.IntrinsicElements'.
src/components/finance/AssetDashboard.tsx(245,29): error TS2339: Property 'h3' does not exist on type 'JSX.IntrinsicElements'.
src/components/finance/AssetDashboard.tsx(245,117): error TS2339: Property 'h3' does not exist on type 'JSX.IntrinsicElements'.
src/components/finance/AssetDashboard.tsx(246,25): error TS2339: Property 'div' does not exist on type 'JSX.IntrinsicElements'.
src/components/finance/AssetDashboard.tsx(248,25): error TS2339: Property 'div' does not exist on type 'JSX.IntrinsicElements'.
src/components/finance/AssetDashboard.tsx(261,41): error TS2339: Property 'div' does not exist on type 'JSX.IntrinsicElements'.
src/components/finance/AssetDashboard.tsx(262,45): error TS2339: Property 'div' does not exist on type 'JSX.IntrinsicElements'.
src/components/finance/AssetDashboard.tsx(263,49): error TS2339: Property 'div' does not exist on type 'JSX.IntrinsicElements'.
src/components/finance/AssetDashboard.tsx(265,49): error TS2339: Property 'div' does not exist on type 'JSX.IntrinsicElements'.
src/components/finance/AssetDashboard.tsx(266,49): error TS2339: Property 'div' does not exist on type 'JSX.IntrinsicElements'.
src/components/finance/AssetDashboard.tsx(267,53): error TS2339: Property 'h4' does not exist on type 'JSX.IntrinsicElements'.
src/components/finance/AssetDashboard.tsx(267,142): error TS2339: Property 'h4' does not exist on type 'JSX.IntrinsicElements'.
src/components/finance/AssetDashboard.tsx(268,53): error TS2339: Property 'div' does not exist on type 'JSX.IntrinsicElements'.
src/components/finance/AssetDashboard.tsx(269,57): error TS2339: Property 'span' does not exist on type 'JSX.IntrinsicElements'.
src/components/finance/AssetDashboard.tsx(269,162): error TS2339: Property 'span' does not exist on type 'JSX.IntrinsicElements'.
src/components/finance/AssetDashboard.tsx(270,79): error TS2339: Property 'span' does not exist on type 'JSX.IntrinsicElements'.
src/components/finance/AssetDashboard.tsx(270,162): error TS2339: Property 'span' does not exist on type 'JSX.IntrinsicElements'.
src/components/finance/AssetDashboard.tsx(271,53): error TS2339: Property 'div' does not exist on type 'JSX.IntrinsicElements'.
src/components/finance/AssetDashboard.tsx(272,49): error TS2339: Property 'div' does not exist on type 'JSX.IntrinsicElements'.
src/components/finance/AssetDashboard.tsx(273,45): error TS2339: Property 'div' does not exist on type 'JSX.IntrinsicElements'.
src/components/finance/AssetDashboard.tsx(274,45): error TS2339: Property 'div' does not exist on type 'JSX.IntrinsicElements'.
src/components/finance/AssetDashboard.tsx(275,49): error TS2339: Property 'div' does not exist on type 'JSX.IntrinsicElements'.
src/components/finance/AssetDashboard.tsx(276,53): error TS2339: Property 'div' does not exist on type 'JSX.IntrinsicElements'.
src/components/finance/AssetDashboard.tsx(276,150): error TS2339: Property 'div' does not exist on type 'JSX.IntrinsicElements'.
src/components/finance/AssetDashboard.tsx(277,53): error TS2339: Property 'div' does not exist on type 'JSX.IntrinsicElements'.
src/components/finance/AssetDashboard.tsx(277,150): error TS2339: Property 'div' does not exist on type 'JSX.IntrinsicElements'.
src/components/finance/AssetDashboard.tsx(278,49): error TS2339: Property 'div' does not exist on type 'JSX.IntrinsicElements'.
src/components/finance/AssetDashboard.tsx(279,49): error TS2339: Property 'div' does not exist on type 'JSX.IntrinsicElements'.
src/components/finance/AssetDashboard.tsx(280,53): error TS2339: Property 'button' does not exist on type 'JSX.IntrinsicElements'.
src/components/finance/AssetDashboard.tsx(282,53): error TS2339: Property 'button' does not exist on type 'JSX.IntrinsicElements'.
src/components/finance/AssetDashboard.tsx(283,53): error TS2339: Property 'button' does not exist on type 'JSX.IntrinsicElements'.
src/components/finance/AssetDashboard.tsx(285,53): error TS2339: Property 'button' does not exist on type 'JSX.IntrinsicElements'.
src/components/finance/AssetDashboard.tsx(286,49): error TS2339: Property 'div' does not exist on type 'JSX.IntrinsicElements'.
src/components/finance/AssetDashboard.tsx(287,45): error TS2339: Property 'div' does not exist on type 'JSX.IntrinsicElements'.
src/components/finance/AssetDashboard.tsx(288,41): error TS2339: Property 'div' does not exist on type 'JSX.IntrinsicElements'.
src/components/finance/AssetDashboard.tsx(291,45): error TS2339: Property 'div' does not exist on type 'JSX.IntrinsicElements'.
src/components/finance/AssetDashboard.tsx(292,49): error TS2339: Property 'div' does not exist on type 'JSX.IntrinsicElements'.
src/components/finance/AssetDashboard.tsx(293,53): error TS2339: Property 'span' does not exist on type 'JSX.IntrinsicElements'.
src/components/finance/AssetDashboard.tsx(293,77): error TS2339: Property 'span' does not exist on type 'JSX.IntrinsicElements'.
src/components/finance/AssetDashboard.tsx(294,53): error TS2339: Property 'span' does not exist on type 'JSX.IntrinsicElements'.
src/components/finance/AssetDashboard.tsx(294,120): error TS2339: Property 'span' does not exist on type 'JSX.IntrinsicElements'.
src/components/finance/AssetDashboard.tsx(295,49): error TS2339: Property 'div' does not exist on type 'JSX.IntrinsicElements'.
src/components/finance/AssetDashboard.tsx(296,49): error TS2339: Property 'div' does not exist on type 'JSX.IntrinsicElements'.
src/components/finance/AssetDashboard.tsx(302,49): error TS2339: Property 'div' does not exist on type 'JSX.IntrinsicElements'.
src/components/finance/AssetDashboard.tsx(303,45): error TS2339: Property 'div' does not exist on type 'JSX.IntrinsicElements'.
src/components/finance/AssetDashboard.tsx(309,33): error TS2339: Property 'div' does not exist on type 'JSX.IntrinsicElements'.
src/components/finance/AssetDashboard.tsx(311,37): error TS2339: Property 'p' does not exist on type 'JSX.IntrinsicElements'.
src/components/finance/AssetDashboard.tsx(311,126): error TS2339: Property 'p' does not exist on type 'JSX.IntrinsicElements'.
src/components/finance/AssetDashboard.tsx(312,33): error TS2339: Property 'div' does not exist on type 'JSX.IntrinsicElements'.
src/components/finance/AssetDashboard.tsx(314,25): error TS2339: Property 'div' does not exist on type 'JSX.IntrinsicElements'.
src/components/finance/AssetDashboard.tsx(315,21): error TS2339: Property 'div' does not exist on type 'JSX.IntrinsicElements'.
src/components/finance/AssetDashboard.tsx(316,17): error TS2339: Property 'div' does not exist on type 'JSX.IntrinsicElements'.
src/components/finance/AssetDashboard.tsx(317,13): error TS2339: Property 'div' does not exist on type 'JSX.IntrinsicElements'.
src/components/finance/AssetDashboard.tsx(324,25): error TS2339: Property 'p' does not exist on type 'JSX.IntrinsicElements'.
src/components/finance/AssetDashboard.tsx(324,158): error TS2339: Property 'p' does not exist on type 'JSX.IntrinsicElements'.
src/components/finance/AssetDashboard.tsx(326,21): error TS2339: Property 'div' does not exist on type 'JSX.IntrinsicElements'.
src/components/finance/AssetDashboard.tsx(327,25): error TS2339: Property 'div' does not exist on type 'JSX.IntrinsicElements'.
src/components/finance/AssetDashboard.tsx(328,29): error TS2339: Property 'div' does not exist on type 'JSX.IntrinsicElements'.
src/components/finance/AssetDashboard.tsx(336,29): error TS2339: Property 'div' does not exist on type 'JSX.IntrinsicElements'.
src/components/finance/AssetDashboard.tsx(337,29): error TS2339: Property 'div' does not exist on type 'JSX.IntrinsicElements'.
src/components/finance/AssetDashboard.tsx(338,33): error TS2339: Property 'div' does not exist on type 'JSX.IntrinsicElements'.
src/components/finance/AssetDashboard.tsx(340,37): error TS2339: Property 'select' does not exist on type 'JSX.IntrinsicElements'.
src/components/finance/AssetDashboard.tsx(345,41): error TS2339: Property 'option' does not exist on type 'JSX.IntrinsicElements'.
src/components/finance/AssetDashboard.tsx(345,94): error TS2339: Property 'option' does not exist on type 'JSX.IntrinsicElements'.
src/components/finance/AssetDashboard.tsx(346,41): error TS2339: Property 'option' does not exist on type 'JSX.IntrinsicElements'.
src/components/finance/AssetDashboard.tsx(346,98): error TS2339: Property 'option' does not exist on type 'JSX.IntrinsicElements'.
src/components/finance/AssetDashboard.tsx(347,41): error TS2339: Property 'option' does not exist on type 'JSX.IntrinsicElements'.
src/components/finance/AssetDashboard.tsx(347,96): error TS2339: Property 'option' does not exist on type 'JSX.IntrinsicElements'.
src/components/finance/AssetDashboard.tsx(348,41): error TS2339: Property 'option' does not exist on type 'JSX.IntrinsicElements'.
src/components/finance/AssetDashboard.tsx(348,102): error TS2339: Property 'option' does not exist on type 'JSX.IntrinsicElements'.
src/components/finance/AssetDashboard.tsx(349,41): error TS2339: Property 'option' does not exist on type 'JSX.IntrinsicElements'.
src/components/finance/AssetDashboard.tsx(349,103): error TS2339: Property 'option' does not exist on type 'JSX.IntrinsicElements'.
src/components/finance/AssetDashboard.tsx(350,41): error TS2339: Property 'option' does not exist on type 'JSX.IntrinsicElements'.
src/components/finance/AssetDashboard.tsx(350,103): error TS2339: Property 'option' does not exist on type 'JSX.IntrinsicElements'.
src/components/finance/AssetDashboard.tsx(351,41): error TS2339: Property 'option' does not exist on type 'JSX.IntrinsicElements'.
src/components/finance/AssetDashboard.tsx(351,105): error TS2339: Property 'option' does not exist on type 'JSX.IntrinsicElements'.
src/components/finance/AssetDashboard.tsx(352,37): error TS2339: Property 'select' does not exist on type 'JSX.IntrinsicElements'.
src/components/finance/AssetDashboard.tsx(353,33): error TS2339: Property 'div' does not exist on type 'JSX.IntrinsicElements'.
src/components/finance/AssetDashboard.tsx(354,33): error TS2339: Property 'div' does not exist on type 'JSX.IntrinsicElements'.
src/components/finance/AssetDashboard.tsx(363,33): error TS2339: Property 'div' does not exist on type 'JSX.IntrinsicElements'.
src/components/finance/AssetDashboard.tsx(364,29): error TS2339: Property 'div' does not exist on type 'JSX.IntrinsicElements'.
src/components/finance/AssetDashboard.tsx(366,29): error TS2339: Property 'div' does not exist on type 'JSX.IntrinsicElements'.
src/components/finance/AssetDashboard.tsx(374,29): error TS2339: Property 'div' does not exist on type 'JSX.IntrinsicElements'.
src/components/finance/AssetDashboard.tsx(376,29): error TS2339: Property 'div' does not exist on type 'JSX.IntrinsicElements'.
src/components/finance/AssetDashboard.tsx(377,33): error TS2339: Property 'div' does not exist on type 'JSX.IntrinsicElements'.
src/components/finance/AssetDashboard.tsx(387,33): error TS2339: Property 'div' does not exist on type 'JSX.IntrinsicElements'.
src/components/finance/AssetDashboard.tsx(389,37): error TS2339: Property 'div' does not exist on type 'JSX.IntrinsicElements'.
src/components/finance/AssetDashboard.tsx(398,37): error TS2339: Property 'div' does not exist on type 'JSX.IntrinsicElements'.
src/components/finance/AssetDashboard.tsx(400,37): error TS2339: Property 'div' does not exist on type 'JSX.IntrinsicElements'.
src/components/finance/AssetDashboard.tsx(409,37): error TS2339: Property 'div' does not exist on type 'JSX.IntrinsicElements'.
src/components/finance/AssetDashboard.tsx(411,29): error TS2339: Property 'div' does not exist on type 'JSX.IntrinsicElements'.
src/components/finance/AssetDashboard.tsx(414,33): error TS2339: Property 'div' does not exist on type 'JSX.IntrinsicElements'.
src/components/finance/AssetDashboard.tsx(415,37): error TS2339: Property 'div' does not exist on type 'JSX.IntrinsicElements'.
src/components/finance/AssetDashboard.tsx(424,37): error TS2339: Property 'div' does not exist on type 'JSX.IntrinsicElements'.
src/components/finance/AssetDashboard.tsx(425,37): error TS2339: Property 'div' does not exist on type 'JSX.IntrinsicElements'.
src/components/finance/AssetDashboard.tsx(427,41): error TS2339: Property 'select' does not exist on type 'JSX.IntrinsicElements'.
src/components/finance/AssetDashboard.tsx(432,45): error TS2339: Property 'option' does not exist on type 'JSX.IntrinsicElements'.
src/components/finance/AssetDashboard.tsx(432,97): error TS2339: Property 'option' does not exist on type 'JSX.IntrinsicElements'.
src/components/finance/AssetDashboard.tsx(434,49): error TS2339: Property 'option' does not exist on type 'JSX.IntrinsicElements'.
src/components/finance/AssetDashboard.tsx(434,114): error TS2339: Property 'option' does not exist on type 'JSX.IntrinsicElements'.
src/components/finance/AssetDashboard.tsx(436,41): error TS2339: Property 'select' does not exist on type 'JSX.IntrinsicElements'.
src/components/finance/AssetDashboard.tsx(437,37): error TS2339: Property 'div' does not exist on type 'JSX.IntrinsicElements'.
src/components/finance/AssetDashboard.tsx(438,33): error TS2339: Property 'div' does not exist on type 'JSX.IntrinsicElements'.
src/components/finance/AssetDashboard.tsx(441,29): error TS2339: Property 'div' does not exist on type 'JSX.IntrinsicElements'.
src/components/finance/AssetDashboard.tsx(449,29): error TS2339: Property 'div' does not exist on type 'JSX.IntrinsicElements'.
src/components/finance/AssetDashboard.tsx(450,25): error TS2339: Property 'div' does not exist on type 'JSX.IntrinsicElements'.
src/components/finance/AssetDashboard.tsx(451,21): error TS2339: Property 'div' does not exist on type 'JSX.IntrinsicElements'.
src/components/finance/AssetDashboard.tsx(463,9): error TS2339: Property 'div' does not exist on type 'JSX.IntrinsicElements'.
src/components/goals/GoalDetailDialog.tsx(4,66): error TS2792: Cannot find module '@/components/ui/dialog'. Did you mean to set the 'moduleResolution' option to 'nodenext', or to add aliases to the 'paths' option?
src/components/goals/GoalDetailDialog.tsx(5,24): error TS2792: Cannot find module '@/components/ui/button'. Did you mean to set the 'moduleResolution' option to 'nodenext', or to add aliases to the 'paths' option?
src/components/goals/GoalDetailDialog.tsx(6,43): error TS2792: Cannot find module '@/types'. Did you mean to set the 'moduleResolution' option to 'nodenext', or to add aliases to the 'paths' option?
src/components/goals/GoalDetailDialog.tsx(7,25): error TS2792: Cannot find module '@/context/DataProvider'. Did you mean to set the 'moduleResolution' option to 'nodenext', or to add aliases to the 'paths' option?
src/components/goals/GoalDetailDialog.tsx(29,8): error TS2792: Cannot find module 'lucide-react'. Did you mean to set the 'moduleResolution' option to 'nodenext', or to add aliases to the 'paths' option?
src/components/goals/GoalDetailDialog.tsx(30,20): error TS2792: Cannot find module '@/lib/utils'. Did you mean to set the 'moduleResolution' option to 'nodenext', or to add aliases to the 'paths' option?
src/components/goals/GoalDetailDialog.tsx(31,24): error TS2792: Cannot find module 'date-fns'. Did you mean to set the 'moduleResolution' option to 'nodenext', or to add aliases to the 'paths' option?
src/components/goals/GoalDetailDialog.tsx(32,20): error TS2792: Cannot find module 'date-fns/locale'. Did you mean to set the 'moduleResolution' option to 'nodenext', or to add aliases to the 'paths' option?
src/components/goals/GoalDetailDialog.tsx(34,41): error TS2792: Cannot find module 'framer-motion'. Did you mean to set the 'moduleResolution' option to 'nodenext', or to add aliases to the 'paths' option?
src/components/goals/GoalDetailDialog.tsx(150,17): error TS2339: Property 'div' does not exist on type 'JSX.IntrinsicElements'.
src/components/goals/GoalDetailDialog.tsx(152,21): error TS2339: Property 'div' does not exist on type 'JSX.IntrinsicElements'.
src/components/goals/GoalDetailDialog.tsx(154,21): error TS2339: Property 'div' does not exist on type 'JSX.IntrinsicElements'.
src/components/goals/GoalDetailDialog.tsx(156,21): error TS2339: Property 'div' does not exist on type 'JSX.IntrinsicElements'.
src/components/goals/GoalDetailDialog.tsx(157,25): error TS2339: Property 'div' does not exist on type 'JSX.IntrinsicElements'.
src/components/goals/GoalDetailDialog.tsx(158,29): error TS2339: Property 'div' does not exist on type 'JSX.IntrinsicElements'.
src/components/goals/GoalDetailDialog.tsx(160,33): error TS2339: Property 'div' does not exist on type 'JSX.IntrinsicElements'.
src/components/goals/GoalDetailDialog.tsx(161,29): error TS2339: Property 'div' does not exist on type 'JSX.IntrinsicElements'.
src/components/goals/GoalDetailDialog.tsx(162,29): error TS2339: Property 'div' does not exist on type 'JSX.IntrinsicElements'.
src/components/goals/GoalDetailDialog.tsx(163,33): error TS2339: Property 'div' does not exist on type 'JSX.IntrinsicElements'.
src/components/goals/GoalDetailDialog.tsx(165,37): error TS2339: Property 'div' does not exist on type 'JSX.IntrinsicElements'.
src/components/goals/GoalDetailDialog.tsx(167,37): error TS2339: Property 'div' does not exist on type 'JSX.IntrinsicElements'.
src/components/goals/GoalDetailDialog.tsx(168,33): error TS2339: Property 'div' does not exist on type 'JSX.IntrinsicElements'.
src/components/goals/GoalDetailDialog.tsx(169,33): error TS2339: Property 'div' does not exist on type 'JSX.IntrinsicElements'.
src/components/goals/GoalDetailDialog.tsx(170,37): error TS2339: Property 'span' does not exist on type 'JSX.IntrinsicElements'.
src/components/goals/GoalDetailDialog.tsx(172,37): error TS2339: Property 'span' does not exist on type 'JSX.IntrinsicElements'.
src/components/goals/GoalDetailDialog.tsx(173,37): error TS2339: Property 'span' does not exist on type 'JSX.IntrinsicElements'.
src/components/goals/GoalDetailDialog.tsx(175,37): error TS2339: Property 'span' does not exist on type 'JSX.IntrinsicElements'.
src/components/goals/GoalDetailDialog.tsx(177,41): error TS2339: Property 'span' does not exist on type 'JSX.IntrinsicElements'.
src/components/goals/GoalDetailDialog.tsx(182,41): error TS2339: Property 'span' does not exist on type 'JSX.IntrinsicElements'.
src/components/goals/GoalDetailDialog.tsx(184,33): error TS2339: Property 'div' does not exist on type 'JSX.IntrinsicElements'.
src/components/goals/GoalDetailDialog.tsx(185,29): error TS2339: Property 'div' does not exist on type 'JSX.IntrinsicElements'.
src/components/goals/GoalDetailDialog.tsx(186,25): error TS2339: Property 'div' does not exist on type 'JSX.IntrinsicElements'.
src/components/goals/GoalDetailDialog.tsx(188,25): error TS2339: Property 'div' does not exist on type 'JSX.IntrinsicElements'.
src/components/goals/GoalDetailDialog.tsx(189,29): error TS2339: Property 'div' does not exist on type 'JSX.IntrinsicElements'.
src/components/goals/GoalDetailDialog.tsx(190,33): error TS2339: Property 'span' does not exist on type 'JSX.IntrinsicElements'.
src/components/goals/GoalDetailDialog.tsx(194,52): error TS2339: Property 'span' does not exist on type 'JSX.IntrinsicElements'.
src/components/goals/GoalDetailDialog.tsx(194,119): error TS2339: Property 'span' does not exist on type 'JSX.IntrinsicElements'.
src/components/goals/GoalDetailDialog.tsx(195,33): error TS2339: Property 'span' does not exist on type 'JSX.IntrinsicElements'.
src/components/goals/GoalDetailDialog.tsx(196,29): error TS2339: Property 'div' does not exist on type 'JSX.IntrinsicElements'.
src/components/goals/GoalDetailDialog.tsx(197,29): error TS2339: Property 'span' does not exist on type 'JSX.IntrinsicElements'.
src/components/goals/GoalDetailDialog.tsx(197,129): error TS2339: Property 'span' does not exist on type 'JSX.IntrinsicElements'.
src/components/goals/GoalDetailDialog.tsx(198,25): error TS2339: Property 'div' does not exist on type 'JSX.IntrinsicElements'.
src/components/goals/GoalDetailDialog.tsx(199,21): error TS2339: Property 'div' does not exist on type 'JSX.IntrinsicElements'.
src/components/goals/GoalDetailDialog.tsx(202,21): error TS2339: Property 'div' does not exist on type 'JSX.IntrinsicElements'.
src/components/goals/GoalDetailDialog.tsx(203,25): error TS2339: Property 'div' does not exist on type 'JSX.IntrinsicElements'.
src/components/goals/GoalDetailDialog.tsx(204,29): error TS2339: Property 'h4' does not exist on type 'JSX.IntrinsicElements'.
src/components/goals/GoalDetailDialog.tsx(206,29): error TS2339: Property 'h4' does not exist on type 'JSX.IntrinsicElements'.
src/components/goals/GoalDetailDialog.tsx(207,29): error TS2339: Property 'span' does not exist on type 'JSX.IntrinsicElements'.
src/components/goals/GoalDetailDialog.tsx(207,130): error TS2339: Property 'span' does not exist on type 'JSX.IntrinsicElements'.
src/components/goals/GoalDetailDialog.tsx(208,25): error TS2339: Property 'div' does not exist on type 'JSX.IntrinsicElements'.
src/components/goals/GoalDetailDialog.tsx(209,25): error TS2339: Property 'div' does not exist on type 'JSX.IntrinsicElements'.
src/components/goals/GoalDetailDialog.tsx(224,33): error TS2339: Property 'div' does not exist on type 'JSX.IntrinsicElements'.
src/components/goals/GoalDetailDialog.tsx(228,29): error TS2339: Property 'div' does not exist on type 'JSX.IntrinsicElements'.
src/components/goals/GoalDetailDialog.tsx(232,33): error TS2339: Property 'div' does not exist on type 'JSX.IntrinsicElements'.
src/components/goals/GoalDetailDialog.tsx(233,37): error TS2339: Property 'div' does not exist on type 'JSX.IntrinsicElements'.
src/components/goals/GoalDetailDialog.tsx(234,37): error TS2339: Property 'div' does not exist on type 'JSX.IntrinsicElements'.
src/components/goals/GoalDetailDialog.tsx(235,33): error TS2339: Property 'div' does not exist on type 'JSX.IntrinsicElements'.
src/components/goals/GoalDetailDialog.tsx(236,29): error TS2339: Property 'div' does not exist on type 'JSX.IntrinsicElements'.
src/components/goals/GoalDetailDialog.tsx(237,25): error TS2339: Property 'div' does not exist on type 'JSX.IntrinsicElements'.
src/components/goals/GoalDetailDialog.tsx(238,21): error TS2339: Property 'div' does not exist on type 'JSX.IntrinsicElements'.
src/components/goals/GoalDetailDialog.tsx(241,21): error TS2339: Property 'div' does not exist on type 'JSX.IntrinsicElements'.
src/components/goals/GoalDetailDialog.tsx(247,29): error TS2339: Property 'button' does not exist on type 'JSX.IntrinsicElements'.
src/components/goals/GoalDetailDialog.tsx(260,37): error TS2339: Property 'span' does not exist on type 'JSX.IntrinsicElements'.
src/components/goals/GoalDetailDialog.tsx(265,37): error TS2339: Property 'span' does not exist on type 'JSX.IntrinsicElements'.
src/components/goals/GoalDetailDialog.tsx(267,29): error TS2339: Property 'button' does not exist on type 'JSX.IntrinsicElements'.
src/components/goals/GoalDetailDialog.tsx(269,21): error TS2339: Property 'div' does not exist on type 'JSX.IntrinsicElements'.
src/components/goals/GoalDetailDialog.tsx(270,17): error TS2339: Property 'div' does not exist on type 'JSX.IntrinsicElements'.
src/components/goals/GoalDetailDialog.tsx(273,17): error TS2339: Property 'div' does not exist on type 'JSX.IntrinsicElements'.
src/components/goals/GoalDetailDialog.tsx(284,33): error TS2339: Property 'section' does not exist on type 'JSX.IntrinsicElements'.
src/components/goals/GoalDetailDialog.tsx(285,37): error TS2339: Property 'h3' does not exist on type 'JSX.IntrinsicElements'.
src/components/goals/GoalDetailDialog.tsx(286,41): error TS2339: Property 'div' does not exist on type 'JSX.IntrinsicElements'.
src/components/goals/GoalDetailDialog.tsx(288,37): error TS2339: Property 'h3' does not exist on type 'JSX.IntrinsicElements'.
src/components/goals/GoalDetailDialog.tsx(289,37): error TS2339: Property 'div' does not exist on type 'JSX.IntrinsicElements'.
src/components/goals/GoalDetailDialog.tsx(291,45): error TS2339: Property 'span' does not exist on type 'JSX.IntrinsicElements'.
src/components/goals/GoalDetailDialog.tsx(291,100): error TS2339: Property 'span' does not exist on type 'JSX.IntrinsicElements'.
src/components/goals/GoalDetailDialog.tsx(293,45): error TS2339: Property 'span' does not exist on type 'JSX.IntrinsicElements'.
src/components/goals/GoalDetailDialog.tsx(293,130): error TS2339: Property 'span' does not exist on type 'JSX.IntrinsicElements'.
src/components/goals/GoalDetailDialog.tsx(295,37): error TS2339: Property 'div' does not exist on type 'JSX.IntrinsicElements'.
src/components/goals/GoalDetailDialog.tsx(296,33): error TS2339: Property 'section' does not exist on type 'JSX.IntrinsicElements'.
src/components/goals/GoalDetailDialog.tsx(299,33): error TS2339: Property 'section' does not exist on type 'JSX.IntrinsicElements'.
src/components/goals/GoalDetailDialog.tsx(300,37): error TS2339: Property 'h3' does not exist on type 'JSX.IntrinsicElements'.
src/components/goals/GoalDetailDialog.tsx(301,41): error TS2339: Property 'div' does not exist on type 'JSX.IntrinsicElements'.
src/components/goals/GoalDetailDialog.tsx(303,37): error TS2339: Property 'h3' does not exist on type 'JSX.IntrinsicElements'.
src/components/goals/GoalDetailDialog.tsx(304,37): error TS2339: Property 'div' does not exist on type 'JSX.IntrinsicElements'.
src/components/goals/GoalDetailDialog.tsx(307,49): error TS2339: Property 'div' does not exist on type 'JSX.IntrinsicElements'.
src/components/goals/GoalDetailDialog.tsx(308,53): error TS2339: Property 'div' does not exist on type 'JSX.IntrinsicElements'.
src/components/goals/GoalDetailDialog.tsx(310,57): error TS2339: Property 'span' does not exist on type 'JSX.IntrinsicElements'.
src/components/goals/GoalDetailDialog.tsx(310,136): error TS2339: Property 'span' does not exist on type 'JSX.IntrinsicElements'.
src/components/goals/GoalDetailDialog.tsx(311,53): error TS2339: Property 'div' does not exist on type 'JSX.IntrinsicElements'.
src/components/goals/GoalDetailDialog.tsx(312,53): error TS2339: Property 'div' does not exist on type 'JSX.IntrinsicElements'.
src/components/goals/GoalDetailDialog.tsx(313,57): error TS2339: Property 'div' does not exist on type 'JSX.IntrinsicElements'.
src/components/goals/GoalDetailDialog.tsx(314,61): error TS2339: Property 'div' does not exist on type 'JSX.IntrinsicElements'.
src/components/goals/GoalDetailDialog.tsx(315,57): error TS2339: Property 'div' does not exist on type 'JSX.IntrinsicElements'.
src/components/goals/GoalDetailDialog.tsx(316,57): error TS2339: Property 'span' does not exist on type 'JSX.IntrinsicElements'.
src/components/goals/GoalDetailDialog.tsx(316,152): error TS2339: Property 'span' does not exist on type 'JSX.IntrinsicElements'.
src/components/goals/GoalDetailDialog.tsx(317,53): error TS2339: Property 'div' does not exist on type 'JSX.IntrinsicElements'.
src/components/goals/GoalDetailDialog.tsx(318,49): error TS2339: Property 'div' does not exist on type 'JSX.IntrinsicElements'.
src/components/goals/GoalDetailDialog.tsx(321,45): error TS2339: Property 'div' does not exist on type 'JSX.IntrinsicElements'.
src/components/goals/GoalDetailDialog.tsx(323,49): error TS2339: Property 'p' does not exist on type 'JSX.IntrinsicElements'.
src/components/goals/GoalDetailDialog.tsx(323,137): error TS2339: Property 'p' does not exist on type 'JSX.IntrinsicElements'.
src/components/goals/GoalDetailDialog.tsx(324,45): error TS2339: Property 'div' does not exist on type 'JSX.IntrinsicElements'.
src/components/goals/GoalDetailDialog.tsx(326,37): error TS2339: Property 'div' does not exist on type 'JSX.IntrinsicElements'.
src/components/goals/GoalDetailDialog.tsx(327,33): error TS2339: Property 'section' does not exist on type 'JSX.IntrinsicElements'.
src/components/goals/GoalDetailDialog.tsx(339,33): error TS2339: Property 'div' does not exist on type 'JSX.IntrinsicElements'.
src/components/goals/GoalDetailDialog.tsx(340,37): error TS2339: Property 'input' does not exist on type 'JSX.IntrinsicElements'.
src/components/goals/GoalDetailDialog.tsx(348,33): error TS2339: Property 'div' does not exist on type 'JSX.IntrinsicElements'.
src/components/goals/GoalDetailDialog.tsx(350,33): error TS2339: Property 'div' does not exist on type 'JSX.IntrinsicElements'.
src/components/goals/GoalDetailDialog.tsx(352,41): error TS2339: Property 'div' does not exist on type 'JSX.IntrinsicElements'.
src/components/goals/GoalDetailDialog.tsx(354,45): error TS2339: Property 'p' does not exist on type 'JSX.IntrinsicElements'.
src/components/goals/GoalDetailDialog.tsx(354,119): error TS2339: Property 'p' does not exist on type 'JSX.IntrinsicElements'.
src/components/goals/GoalDetailDialog.tsx(355,41): error TS2339: Property 'div' does not exist on type 'JSX.IntrinsicElements'.
src/components/goals/GoalDetailDialog.tsx(358,45): error TS2339: Property 'div' does not exist on type 'JSX.IntrinsicElements'.
src/components/goals/GoalDetailDialog.tsx(359,49): error TS2339: Property 'button' does not exist on type 'JSX.IntrinsicElements'.
src/components/goals/GoalDetailDialog.tsx(367,49): error TS2339: Property 'button' does not exist on type 'JSX.IntrinsicElements'.
src/components/goals/GoalDetailDialog.tsx(370,53): error TS2339: Property 'input' does not exist on type 'JSX.IntrinsicElements'.
src/components/goals/GoalDetailDialog.tsx(379,53): error TS2339: Property 'span' does not exist on type 'JSX.IntrinsicElements'.
src/components/goals/GoalDetailDialog.tsx(384,53): error TS2339: Property 'span' does not exist on type 'JSX.IntrinsicElements'.
src/components/goals/GoalDetailDialog.tsx(387,49): error TS2339: Property 'div' does not exist on type 'JSX.IntrinsicElements'.
src/components/goals/GoalDetailDialog.tsx(388,53): error TS2339: Property 'div' does not exist on type 'JSX.IntrinsicElements'.
src/components/goals/GoalDetailDialog.tsx(395,53): error TS2339: Property 'div' does not exist on type 'JSX.IntrinsicElements'.
src/components/goals/GoalDetailDialog.tsx(396,49): error TS2339: Property 'div' does not exist on type 'JSX.IntrinsicElements'.
src/components/goals/GoalDetailDialog.tsx(397,45): error TS2339: Property 'div' does not exist on type 'JSX.IntrinsicElements'.
src/components/goals/GoalDetailDialog.tsx(400,33): error TS2339: Property 'div' does not exist on type 'JSX.IntrinsicElements'.
src/components/goals/GoalDetailDialog.tsx(413,37): error TS2339: Property 'div' does not exist on type 'JSX.IntrinsicElements'.
src/components/goals/GoalDetailDialog.tsx(415,41): error TS2339: Property 'p' does not exist on type 'JSX.IntrinsicElements'.
src/components/goals/GoalDetailDialog.tsx(415,122): error TS2339: Property 'p' does not exist on type 'JSX.IntrinsicElements'.
src/components/goals/GoalDetailDialog.tsx(416,37): error TS2339: Property 'div' does not exist on type 'JSX.IntrinsicElements'.
src/components/goals/GoalDetailDialog.tsx(418,37): error TS2339: Property 'div' does not exist on type 'JSX.IntrinsicElements'.
src/components/goals/GoalDetailDialog.tsx(420,45): error TS2339: Property 'div' does not exist on type 'JSX.IntrinsicElements'.
src/components/goals/GoalDetailDialog.tsx(421,49): error TS2339: Property 'div' does not exist on type 'JSX.IntrinsicElements'.
src/components/goals/GoalDetailDialog.tsx(422,53): error TS2339: Property 'span' does not exist on type 'JSX.IntrinsicElements'.
src/components/goals/GoalDetailDialog.tsx(422,172): error TS2339: Property 'span' does not exist on type 'JSX.IntrinsicElements'.
src/components/goals/GoalDetailDialog.tsx(423,53): error TS2339: Property 'span' does not exist on type 'JSX.IntrinsicElements'.
src/components/goals/GoalDetailDialog.tsx(423,138): error TS2339: Property 'span' does not exist on type 'JSX.IntrinsicElements'.
src/components/goals/GoalDetailDialog.tsx(424,49): error TS2339: Property 'div' does not exist on type 'JSX.IntrinsicElements'.
src/components/goals/GoalDetailDialog.tsx(425,49): error TS2339: Property 'div' does not exist on type 'JSX.IntrinsicElements'.
src/components/goals/GoalDetailDialog.tsx(426,53): error TS2339: Property 'div' does not exist on type 'JSX.IntrinsicElements'.
src/components/goals/GoalDetailDialog.tsx(426,146): error TS2339: Property 'div' does not exist on type 'JSX.IntrinsicElements'.
src/components/goals/GoalDetailDialog.tsx(427,53): error TS2339: Property 'div' does not exist on type 'JSX.IntrinsicElements'.
src/components/goals/GoalDetailDialog.tsx(430,53): error TS2339: Property 'div' does not exist on type 'JSX.IntrinsicElements'.
src/components/goals/GoalDetailDialog.tsx(431,49): error TS2339: Property 'div' does not exist on type 'JSX.IntrinsicElements'.
src/components/goals/GoalDetailDialog.tsx(432,45): error TS2339: Property 'div' does not exist on type 'JSX.IntrinsicElements'.
src/components/goals/GoalDetailDialog.tsx(434,37): error TS2339: Property 'div' does not exist on type 'JSX.IntrinsicElements'.
src/components/goals/GoalDetailDialog.tsx(439,17): error TS2339: Property 'div' does not exist on type 'JSX.IntrinsicElements'.
src/components/goals/GoalTree.tsx(4,25): error TS2792: Cannot find module 'date-fns'. Did you mean to set the 'moduleResolution' option to 'nodenext', or to add aliases to the 'paths' option?
src/components/goals/GoalTree.tsx(5,56): error TS2792: Cannot find module '@/types'. Did you mean to set the 'moduleResolution' option to 'nodenext', or to add aliases to the 'paths' option?
src/components/goals/GoalTree.tsx(6,24): error TS2792: Cannot find module '@/components/ui/button'. Did you mean to set the 'moduleResolution' option to 'nodenext', or to add aliases to the 'paths' option?
src/components/goals/GoalTree.tsx(7,23): error TS2792: Cannot find module '@/components/ui/input'. Did you mean to set the 'moduleResolution' option to 'nodenext', or to add aliases to the 'paths' option?
src/components/goals/GoalTree.tsx(8,23): error TS2792: Cannot find module '@/components/ui/label'. Did you mean to set the 'moduleResolution' option to 'nodenext', or to add aliases to the 'paths' option?
src/components/goals/GoalTree.tsx(9,80): error TS2792: Cannot find module '@/components/ui/dialog'. Did you mean to set the 'moduleResolution' option to 'nodenext', or to add aliases to the 'paths' option?
src/components/goals/GoalTree.tsx(10,79): error TS2792: Cannot find module '@/components/ui/select'. Did you mean to set the 'moduleResolution' option to 'nodenext', or to add aliases to the 'paths' option?
src/components/goals/GoalTree.tsx(27,8): error TS2792: Cannot find module 'lucide-react'. Did you mean to set the 'moduleResolution' option to 'nodenext', or to add aliases to the 'paths' option?
src/components/goals/GoalTree.tsx(28,32): error TS2792: Cannot find module '@/lib/utils'. Did you mean to set the 'moduleResolution' option to 'nodenext', or to add aliases to the 'paths' option?
src/components/goals/GoalTree.tsx(29,25): error TS2792: Cannot find module '@/context/DataProvider'. Did you mean to set the 'moduleResolution' option to 'nodenext', or to add aliases to the 'paths' option?
src/components/goals/GoalTree.tsx(31,41): error TS2792: Cannot find module 'framer-motion'. Did you mean to set the 'moduleResolution' option to 'nodenext', or to add aliases to the 'paths' option?
src/components/goals/GoalTree.tsx(84,17): error TS2339: Property 'div' does not exist on type 'JSX.IntrinsicElements'.
src/components/goals/GoalTree.tsx(87,13): error TS2339: Property 'div' does not exist on type 'JSX.IntrinsicElements'.
src/components/goals/GoalTree.tsx(97,21): error TS2339: Property 'div' does not exist on type 'JSX.IntrinsicElements'.
src/components/goals/GoalTree.tsx(100,17): error TS2339: Property 'div' does not exist on type 'JSX.IntrinsicElements'.
src/components/goals/GoalTree.tsx(102,21): error TS2339: Property 'button' does not exist on type 'JSX.IntrinsicElements'.
src/components/goals/GoalTree.tsx(112,21): error TS2339: Property 'button' does not exist on type 'JSX.IntrinsicElements'.
src/components/goals/GoalTree.tsx(114,21): error TS2339: Property 'div' does not exist on type 'JSX.IntrinsicElements'.
src/components/goals/GoalTree.tsx(116,25): error TS2339: Property 'div' does not exist on type 'JSX.IntrinsicElements'.
src/components/goals/GoalTree.tsx(117,29): error TS2339: Property 'div' does not exist on type 'JSX.IntrinsicElements'.
src/components/goals/GoalTree.tsx(118,33): error TS2339: Property 'div' does not exist on type 'JSX.IntrinsicElements'.
src/components/goals/GoalTree.tsx(119,37): error TS2339: Property 'h4' does not exist on type 'JSX.IntrinsicElements'.
src/components/goals/GoalTree.tsx(121,37): error TS2339: Property 'h4' does not exist on type 'JSX.IntrinsicElements'.
src/components/goals/GoalTree.tsx(124,41): error TS2339: Property 'div' does not exist on type 'JSX.IntrinsicElements'.
src/components/goals/GoalTree.tsx(126,41): error TS2339: Property 'div' does not exist on type 'JSX.IntrinsicElements'.
src/components/goals/GoalTree.tsx(130,41): error TS2339: Property 'div' does not exist on type 'JSX.IntrinsicElements'.
src/components/goals/GoalTree.tsx(132,41): error TS2339: Property 'div' does not exist on type 'JSX.IntrinsicElements'.
src/components/goals/GoalTree.tsx(135,37): error TS2339: Property 'div' does not exist on type 'JSX.IntrinsicElements'.
src/components/goals/GoalTree.tsx(137,37): error TS2339: Property 'div' does not exist on type 'JSX.IntrinsicElements'.
src/components/goals/GoalTree.tsx(139,37): error TS2339: Property 'div' does not exist on type 'JSX.IntrinsicElements'.
src/components/goals/GoalTree.tsx(141,37): error TS2339: Property 'div' does not exist on type 'JSX.IntrinsicElements'.
src/components/goals/GoalTree.tsx(142,33): error TS2339: Property 'div' does not exist on type 'JSX.IntrinsicElements'.
src/components/goals/GoalTree.tsx(145,37): error TS2339: Property 'p' does not exist on type 'JSX.IntrinsicElements'.
src/components/goals/GoalTree.tsx(147,37): error TS2339: Property 'p' does not exist on type 'JSX.IntrinsicElements'.
src/components/goals/GoalTree.tsx(149,29): error TS2339: Property 'div' does not exist on type 'JSX.IntrinsicElements'.
src/components/goals/GoalTree.tsx(152,29): error TS2339: Property 'div' does not exist on type 'JSX.IntrinsicElements'.
src/components/goals/GoalTree.tsx(162,29): error TS2339: Property 'div' does not exist on type 'JSX.IntrinsicElements'.
src/components/goals/GoalTree.tsx(163,25): error TS2339: Property 'div' does not exist on type 'JSX.IntrinsicElements'.
src/components/goals/GoalTree.tsx(166,25): error TS2339: Property 'div' does not exist on type 'JSX.IntrinsicElements'.
src/components/goals/GoalTree.tsx(167,29): error TS2339: Property 'div' does not exist on type 'JSX.IntrinsicElements'.
src/components/goals/GoalTree.tsx(168,33): error TS2339: Property 'div' does not exist on type 'JSX.IntrinsicElements'.
src/components/goals/GoalTree.tsx(169,37): error TS2339: Property 'span' does not exist on type 'JSX.IntrinsicElements'.
src/components/goals/GoalTree.tsx(169,60): error TS2339: Property 'span' does not exist on type 'JSX.IntrinsicElements'.
src/components/goals/GoalTree.tsx(170,37): error TS2339: Property 'span' does not exist on type 'JSX.IntrinsicElements'.
src/components/goals/GoalTree.tsx(172,37): error TS2339: Property 'span' does not exist on type 'JSX.IntrinsicElements'.
src/components/goals/GoalTree.tsx(173,33): error TS2339: Property 'div' does not exist on type 'JSX.IntrinsicElements'.
src/components/goals/GoalTree.tsx(174,33): error TS2339: Property 'div' does not exist on type 'JSX.IntrinsicElements'.
src/components/goals/GoalTree.tsx(184,41): error TS2339: Property 'div' does not exist on type 'JSX.IntrinsicElements'.
src/components/goals/GoalTree.tsx(186,33): error TS2339: Property 'div' does not exist on type 'JSX.IntrinsicElements'.
src/components/goals/GoalTree.tsx(187,29): error TS2339: Property 'div' does not exist on type 'JSX.IntrinsicElements'.
src/components/goals/GoalTree.tsx(190,33): error TS2339: Property 'div' does not exist on type 'JSX.IntrinsicElements'.
src/components/goals/GoalTree.tsx(196,37): error TS2339: Property 'span' does not exist on type 'JSX.IntrinsicElements'.
src/components/goals/GoalTree.tsx(196,120): error TS2339: Property 'span' does not exist on type 'JSX.IntrinsicElements'.
src/components/goals/GoalTree.tsx(197,37): error TS2339: Property 'span' does not exist on type 'JSX.IntrinsicElements'.
src/components/goals/GoalTree.tsx(199,37): error TS2339: Property 'span' does not exist on type 'JSX.IntrinsicElements'.
src/components/goals/GoalTree.tsx(200,33): error TS2339: Property 'div' does not exist on type 'JSX.IntrinsicElements'.
src/components/goals/GoalTree.tsx(202,25): error TS2339: Property 'div' does not exist on type 'JSX.IntrinsicElements'.
src/components/goals/GoalTree.tsx(203,21): error TS2339: Property 'div' does not exist on type 'JSX.IntrinsicElements'.
src/components/goals/GoalTree.tsx(204,17): error TS2339: Property 'div' does not exist on type 'JSX.IntrinsicElements'.
src/components/goals/GoalTree.tsx(205,13): error TS2339: Property 'div' does not exist on type 'JSX.IntrinsicElements'.
src/components/goals/GoalTree.tsx(387,9): error TS2339: Property 'div' does not exist on type 'JSX.IntrinsicElements'.
src/components/goals/GoalTree.tsx(389,13): error TS2339: Property 'div' does not exist on type 'JSX.IntrinsicElements'.
src/components/goals/GoalTree.tsx(390,17): error TS2339: Property 'div' does not exist on type 'JSX.IntrinsicElements'.
src/components/goals/GoalTree.tsx(391,21): error TS2339: Property 'div' does not exist on type 'JSX.IntrinsicElements'.
src/components/goals/GoalTree.tsx(392,25): error TS2339: Property 'div' does not exist on type 'JSX.IntrinsicElements'.
src/components/goals/GoalTree.tsx(394,25): error TS2339: Property 'div' does not exist on type 'JSX.IntrinsicElements'.
src/components/goals/GoalTree.tsx(395,25): error TS2339: Property 'div' does not exist on type 'JSX.IntrinsicElements'.
src/components/goals/GoalTree.tsx(396,29): error TS2339: Property 'h2' does not exist on type 'JSX.IntrinsicElements'.
src/components/goals/GoalTree.tsx(396,134): error TS2339: Property 'h2' does not exist on type 'JSX.IntrinsicElements'.
src/components/goals/GoalTree.tsx(397,29): error TS2339: Property 'p' does not exist on type 'JSX.IntrinsicElements'.
src/components/goals/GoalTree.tsx(397,149): error TS2339: Property 'p' does not exist on type 'JSX.IntrinsicElements'.
src/components/goals/GoalTree.tsx(398,25): error TS2339: Property 'div' does not exist on type 'JSX.IntrinsicElements'.
src/components/goals/GoalTree.tsx(399,21): error TS2339: Property 'div' does not exist on type 'JSX.IntrinsicElements'.
src/components/goals/GoalTree.tsx(400,17): error TS2339: Property 'div' does not exist on type 'JSX.IntrinsicElements'.
src/components/goals/GoalTree.tsx(402,17): error TS2339: Property 'div' does not exist on type 'JSX.IntrinsicElements'.
src/components/goals/GoalTree.tsx(403,21): error TS2339: Property 'div' does not exist on type 'JSX.IntrinsicElements'.
src/components/goals/GoalTree.tsx(405,25): error TS2339: Property 'div' does not exist on type 'JSX.IntrinsicElements'.
src/components/goals/GoalTree.tsx(406,29): error TS2339: Property 'span' does not exist on type 'JSX.IntrinsicElements'.
src/components/goals/GoalTree.tsx(406,130): error TS2339: Property 'span' does not exist on type 'JSX.IntrinsicElements'.
src/components/goals/GoalTree.tsx(407,29): error TS2339: Property 'span' does not exist on type 'JSX.IntrinsicElements'.
src/components/goals/GoalTree.tsx(407,82): error TS2339: Property 'span' does not exist on type 'JSX.IntrinsicElements'.
src/components/goals/GoalTree.tsx(408,25): error TS2339: Property 'div' does not exist on type 'JSX.IntrinsicElements'.
src/components/goals/GoalTree.tsx(409,21): error TS2339: Property 'div' does not exist on type 'JSX.IntrinsicElements'.
src/components/goals/GoalTree.tsx(410,21): error TS2339: Property 'div' does not exist on type 'JSX.IntrinsicElements'.
src/components/goals/GoalTree.tsx(412,25): error TS2339: Property 'div' does not exist on type 'JSX.IntrinsicElements'.
src/components/goals/GoalTree.tsx(413,29): error TS2339: Property 'span' does not exist on type 'JSX.IntrinsicElements'.
src/components/goals/GoalTree.tsx(413,127): error TS2339: Property 'span' does not exist on type 'JSX.IntrinsicElements'.
src/components/goals/GoalTree.tsx(414,29): error TS2339: Property 'span' does not exist on type 'JSX.IntrinsicElements'.
src/components/goals/GoalTree.tsx(414,91): error TS2339: Property 'span' does not exist on type 'JSX.IntrinsicElements'.
src/components/goals/GoalTree.tsx(415,25): error TS2339: Property 'div' does not exist on type 'JSX.IntrinsicElements'.
src/components/goals/GoalTree.tsx(416,21): error TS2339: Property 'div' does not exist on type 'JSX.IntrinsicElements'.
src/components/goals/GoalTree.tsx(417,17): error TS2339: Property 'div' does not exist on type 'JSX.IntrinsicElements'.
src/components/goals/GoalTree.tsx(418,13): error TS2339: Property 'div' does not exist on type 'JSX.IntrinsicElements'.
src/components/goals/GoalTree.tsx(421,13): error TS2339: Property 'div' does not exist on type 'JSX.IntrinsicElements'.
src/components/goals/GoalTree.tsx(422,17): error TS2339: Property 'div' does not exist on type 'JSX.IntrinsicElements'.
src/components/goals/GoalTree.tsx(430,17): error TS2339: Property 'div' does not exist on type 'JSX.IntrinsicElements'.
src/components/goals/GoalTree.tsx(432,17): error TS2339: Property 'div' does not exist on type 'JSX.IntrinsicElements'.
src/components/goals/GoalTree.tsx(458,17): error TS2339: Property 'div' does not exist on type 'JSX.IntrinsicElements'.
src/components/goals/GoalTree.tsx(466,13): error TS2339: Property 'div' does not exist on type 'JSX.IntrinsicElements'.
src/components/goals/GoalTree.tsx(469,13): error TS2339: Property 'div' does not exist on type 'JSX.IntrinsicElements'.
src/components/goals/GoalTree.tsx(490,25): error TS2339: Property 'h3' does not exist on type 'JSX.IntrinsicElements'.
src/components/goals/GoalTree.tsx(490,123): error TS2339: Property 'h3' does not exist on type 'JSX.IntrinsicElements'.
src/components/goals/GoalTree.tsx(491,25): error TS2339: Property 'p' does not exist on type 'JSX.IntrinsicElements'.
src/components/goals/GoalTree.tsx(491,156): error TS2339: Property 'p' does not exist on type 'JSX.IntrinsicElements'.
src/components/goals/GoalTree.tsx(494,13): error TS2339: Property 'div' does not exist on type 'JSX.IntrinsicElements'.
src/components/goals/GoalTree.tsx(499,21): error TS2339: Property 'div' does not exist on type 'JSX.IntrinsicElements'.
src/components/goals/GoalTree.tsx(502,33): error TS2339: Property 'div' does not exist on type 'JSX.IntrinsicElements'.
src/components/goals/GoalTree.tsx(504,33): error TS2339: Property 'div' does not exist on type 'JSX.IntrinsicElements'.
src/components/goals/GoalTree.tsx(505,33): error TS2339: Property 'div' does not exist on type 'JSX.IntrinsicElements'.
src/components/goals/GoalTree.tsx(506,37): error TS2339: Property 'h3' does not exist on type 'JSX.IntrinsicElements'.
src/components/goals/GoalTree.tsx(508,37): error TS2339: Property 'h3' does not exist on type 'JSX.IntrinsicElements'.
src/components/goals/GoalTree.tsx(509,37): error TS2339: Property 'p' does not exist on type 'JSX.IntrinsicElements'.
src/components/goals/GoalTree.tsx(509,155): error TS2339: Property 'p' does not exist on type 'JSX.IntrinsicElements'.
src/components/goals/GoalTree.tsx(510,33): error TS2339: Property 'div' does not exist on type 'JSX.IntrinsicElements'.
src/components/goals/GoalTree.tsx(514,25): error TS2339: Property 'div' does not exist on type 'JSX.IntrinsicElements'.
src/components/goals/GoalTree.tsx(515,29): error TS2339: Property 'div' does not exist on type 'JSX.IntrinsicElements'.
src/components/goals/GoalTree.tsx(523,29): error TS2339: Property 'div' does not exist on type 'JSX.IntrinsicElements'.
src/components/goals/GoalTree.tsx(525,29): error TS2339: Property 'div' does not exist on type 'JSX.IntrinsicElements'.
src/components/goals/GoalTree.tsx(526,33): error TS2339: Property 'div' does not exist on type 'JSX.IntrinsicElements'.
src/components/goals/GoalTree.tsx(538,33): error TS2339: Property 'div' does not exist on type 'JSX.IntrinsicElements'.
src/components/goals/GoalTree.tsx(539,33): error TS2339: Property 'div' does not exist on type 'JSX.IntrinsicElements'.
src/components/goals/GoalTree.tsx(555,33): error TS2339: Property 'div' does not exist on type 'JSX.IntrinsicElements'.
src/components/goals/GoalTree.tsx(556,29): error TS2339: Property 'div' does not exist on type 'JSX.IntrinsicElements'.
src/components/goals/GoalTree.tsx(558,29): error TS2339: Property 'div' does not exist on type 'JSX.IntrinsicElements'.
src/components/goals/GoalTree.tsx(560,33): error TS2339: Property 'textarea' does not exist on type 'JSX.IntrinsicElements'.
src/components/goals/GoalTree.tsx(566,29): error TS2339: Property 'div' does not exist on type 'JSX.IntrinsicElements'.
src/components/goals/GoalTree.tsx(567,25): error TS2339: Property 'div' does not exist on type 'JSX.IntrinsicElements'.
src/components/goals/GoalTree.tsx(568,21): error TS2339: Property 'div' does not exist on type 'JSX.IntrinsicElements'.
src/components/goals/GoalTree.tsx(570,21): error TS2339: Property 'div' does not exist on type 'JSX.IntrinsicElements'.
src/components/goals/GoalTree.tsx(577,21): error TS2339: Property 'div' does not exist on type 'JSX.IntrinsicElements'.
src/components/goals/GoalTree.tsx(582,9): error TS2339: Property 'div' does not exist on type 'JSX.IntrinsicElements'.
src/components/growth/BookShelf.tsx(3,25): error TS2792: Cannot find module '@/context/DataProvider'. Did you mean to set the 'moduleResolution' option to 'nodenext', or to add aliases to the 'paths' option?
src/components/growth/BookShelf.tsx(4,35): error TS2792: Cannot find module '@/components/ui/card'. Did you mean to set the 'moduleResolution' option to 'nodenext', or to add aliases to the 'paths' option?
src/components/growth/BookShelf.tsx(5,22): error TS2792: Cannot find module '@/types'. Did you mean to set the 'moduleResolution' option to 'nodenext', or to add aliases to the 'paths' option?
src/components/growth/BookShelf.tsx(6,20): error TS2792: Cannot find module '@/lib/utils'. Did you mean to set the 'moduleResolution' option to 'nodenext', or to add aliases to the 'paths' option?
src/components/growth/BookShelf.tsx(11,8): error TS2792: Cannot find module 'lucide-react'. Did you mean to set the 'moduleResolution' option to 'nodenext', or to add aliases to the 'paths' option?
src/components/growth/BookShelf.tsx(12,19): error TS2792: Cannot find module 'next/image'. Did you mean to set the 'moduleResolution' option to 'nodenext', or to add aliases to the 'paths' option?
src/components/growth/BookShelf.tsx(13,24): error TS2792: Cannot find module '@/components/ui/button'. Did you mean to set the 'moduleResolution' option to 'nodenext', or to add aliases to the 'paths' option?
src/components/growth/BookShelf.tsx(19,8): error TS2792: Cannot find module '@/components/ui/dropdown-menu'. Did you mean to set the 'moduleResolution' option to 'nodenext', or to add aliases to the 'paths' option?
src/components/growth/BookShelf.tsx(20,41): error TS2792: Cannot find module 'framer-motion'. Did you mean to set the 'moduleResolution' option to 'nodenext', or to add aliases to the 'paths' option?
src/components/growth/BookShelf.tsx(40,13): error TS2339: Property 'div' does not exist on type 'JSX.IntrinsicElements'.
src/components/growth/BookShelf.tsx(42,17): error TS2339: Property 'div' does not exist on type 'JSX.IntrinsicElements'.
src/components/growth/BookShelf.tsx(53,21): error TS2339: Property 'div' does not exist on type 'JSX.IntrinsicElements'.
src/components/growth/BookShelf.tsx(55,25): error TS2339: Property 'span' does not exist on type 'JSX.IntrinsicElements'.
src/components/growth/BookShelf.tsx(57,25): error TS2339: Property 'span' does not exist on type 'JSX.IntrinsicElements'.
src/components/growth/BookShelf.tsx(58,21): error TS2339: Property 'div' does not exist on type 'JSX.IntrinsicElements'.
src/components/growth/BookShelf.tsx(63,21): error TS2339: Property 'div' does not exist on type 'JSX.IntrinsicElements'.
src/components/growth/BookShelf.tsx(69,21): error TS2339: Property 'div' does not exist on type 'JSX.IntrinsicElements'.
src/components/growth/BookShelf.tsx(73,17): error TS2339: Property 'div' does not exist on type 'JSX.IntrinsicElements'.
src/components/growth/BookShelf.tsx(74,21): error TS2339: Property 'div' does not exist on type 'JSX.IntrinsicElements'.
src/components/growth/BookShelf.tsx(75,25): error TS2339: Property 'h5' does not exist on type 'JSX.IntrinsicElements'.
src/components/growth/BookShelf.tsx(75,126): error TS2339: Property 'h5' does not exist on type 'JSX.IntrinsicElements'.
src/components/growth/BookShelf.tsx(76,25): error TS2339: Property 'p' does not exist on type 'JSX.IntrinsicElements'.
src/components/growth/BookShelf.tsx(76,122): error TS2339: Property 'p' does not exist on type 'JSX.IntrinsicElements'.
src/components/growth/BookShelf.tsx(77,21): error TS2339: Property 'div' does not exist on type 'JSX.IntrinsicElements'.
src/components/growth/BookShelf.tsx(79,21): error TS2339: Property 'div' does not exist on type 'JSX.IntrinsicElements'.
src/components/growth/BookShelf.tsx(93,21): error TS2339: Property 'div' does not exist on type 'JSX.IntrinsicElements'.
src/components/growth/BookShelf.tsx(96,25): error TS2339: Property 'div' does not exist on type 'JSX.IntrinsicElements'.
src/components/growth/BookShelf.tsx(98,29): error TS2339: Property 'span' does not exist on type 'JSX.IntrinsicElements'.
src/components/growth/BookShelf.tsx(100,29): error TS2339: Property 'span' does not exist on type 'JSX.IntrinsicElements'.
src/components/growth/BookShelf.tsx(101,25): error TS2339: Property 'div' does not exist on type 'JSX.IntrinsicElements'.
src/components/growth/BookShelf.tsx(103,17): error TS2339: Property 'div' does not exist on type 'JSX.IntrinsicElements'.
src/components/growth/BookShelf.tsx(104,13): error TS2339: Property 'div' does not exist on type 'JSX.IntrinsicElements'.
src/components/growth/BookShelf.tsx(109,9): error TS2339: Property 'div' does not exist on type 'JSX.IntrinsicElements'.
src/components/growth/BookShelf.tsx(110,13): error TS2339: Property 'div' does not exist on type 'JSX.IntrinsicElements'.
src/components/growth/BookShelf.tsx(111,17): error TS2339: Property 'div' does not exist on type 'JSX.IntrinsicElements'.
src/components/growth/BookShelf.tsx(112,21): error TS2339: Property 'div' does not exist on type 'JSX.IntrinsicElements'.
src/components/growth/BookShelf.tsx(114,21): error TS2339: Property 'div' does not exist on type 'JSX.IntrinsicElements'.
src/components/growth/BookShelf.tsx(115,21): error TS2339: Property 'div' does not exist on type 'JSX.IntrinsicElements'.
src/components/growth/BookShelf.tsx(116,25): error TS2339: Property 'h3' does not exist on type 'JSX.IntrinsicElements'.
src/components/growth/BookShelf.tsx(116,104): error TS2339: Property 'h3' does not exist on type 'JSX.IntrinsicElements'.
src/components/growth/BookShelf.tsx(117,25): error TS2339: Property 'p' does not exist on type 'JSX.IntrinsicElements'.
src/components/growth/BookShelf.tsx(117,137): error TS2339: Property 'p' does not exist on type 'JSX.IntrinsicElements'.
src/components/growth/BookShelf.tsx(118,21): error TS2339: Property 'div' does not exist on type 'JSX.IntrinsicElements'.
src/components/growth/BookShelf.tsx(119,17): error TS2339: Property 'div' does not exist on type 'JSX.IntrinsicElements'.
src/components/growth/BookShelf.tsx(120,13): error TS2339: Property 'div' does not exist on type 'JSX.IntrinsicElements'.
src/components/growth/BookShelf.tsx(123,17): error TS2339: Property 'div' does not exist on type 'JSX.IntrinsicElements'.
src/components/growth/BookShelf.tsx(125,21): error TS2339: Property 'p' does not exist on type 'JSX.IntrinsicElements'.
src/components/growth/BookShelf.tsx(125,99): error TS2339: Property 'p' does not exist on type 'JSX.IntrinsicElements'.
src/components/growth/BookShelf.tsx(126,17): error TS2339: Property 'div' does not exist on type 'JSX.IntrinsicElements'.
src/components/growth/BookShelf.tsx(128,17): error TS2339: Property 'div' does not exist on type 'JSX.IntrinsicElements'.
src/components/growth/BookShelf.tsx(139,29): error TS2339: Property 'div' does not exist on type 'JSX.IntrinsicElements'.
src/components/growth/BookShelf.tsx(140,33): error TS2339: Property 'div' does not exist on type 'JSX.IntrinsicElements'.
src/components/growth/BookShelf.tsx(141,37): error TS2339: Property 'h4' does not exist on type 'JSX.IntrinsicElements'.
src/components/growth/BookShelf.tsx(143,37): error TS2339: Property 'h4' does not exist on type 'JSX.IntrinsicElements'.
src/components/growth/BookShelf.tsx(146,45): error TS2339: Property 'button' does not exist on type 'JSX.IntrinsicElements'.
src/components/growth/BookShelf.tsx(148,45): error TS2339: Property 'button' does not exist on type 'JSX.IntrinsicElements'.
src/components/growth/BookShelf.tsx(157,45): error TS2339: Property 'div' does not exist on type 'JSX.IntrinsicElements'.
src/components/growth/BookShelf.tsx(163,33): error TS2339: Property 'div' does not exist on type 'JSX.IntrinsicElements'.
src/components/growth/BookShelf.tsx(164,33): error TS2339: Property 'div' does not exist on type 'JSX.IntrinsicElements'.
src/components/growth/BookShelf.tsx(165,37): error TS2339: Property 'p' does not exist on type 'JSX.IntrinsicElements'.
src/components/growth/BookShelf.tsx(167,37): error TS2339: Property 'p' does not exist on type 'JSX.IntrinsicElements'.
src/components/growth/BookShelf.tsx(169,41): error TS2339: Property 'div' does not exist on type 'JSX.IntrinsicElements'.
src/components/growth/BookShelf.tsx(171,45): error TS2339: Property 'span' does not exist on type 'JSX.IntrinsicElements'.
src/components/growth/BookShelf.tsx(171,113): error TS2339: Property 'span' does not exist on type 'JSX.IntrinsicElements'.
src/components/growth/BookShelf.tsx(172,41): error TS2339: Property 'div' does not exist on type 'JSX.IntrinsicElements'.
src/components/growth/BookShelf.tsx(174,33): error TS2339: Property 'div' does not exist on type 'JSX.IntrinsicElements'.
src/components/growth/BookShelf.tsx(175,29): error TS2339: Property 'div' does not exist on type 'JSX.IntrinsicElements'.
src/components/growth/BookShelf.tsx(178,17): error TS2339: Property 'div' does not exist on type 'JSX.IntrinsicElements'.
src/components/growth/BookShelf.tsx(180,9): error TS2339: Property 'div' does not exist on type 'JSX.IntrinsicElements'.
src/components/growth/BookShelf.tsx(184,9): error TS2339: Property 'div' does not exist on type 'JSX.IntrinsicElements'.
src/components/growth/BookShelf.tsx(188,9): error TS2339: Property 'div' does not exist on type 'JSX.IntrinsicElements'.
src/components/layout/FloatingModule.tsx(4,41): error TS2792: Cannot find module 'framer-motion'. Did you mean to set the 'moduleResolution' option to 'nodenext', or to add aliases to the 'paths' option?
src/components/layout/FloatingModule.tsx(15,8): error TS2792: Cannot find module 'lucide-react'. Did you mean to set the 'moduleResolution' option to 'nodenext', or to add aliases to the 'paths' option?
src/components/layout/FloatingModule.tsx(16,24): error TS2792: Cannot find module '@/components/ui/button'. Did you mean to set the 'moduleResolution' option to 'nodenext', or to add aliases to the 'paths' option?
src/components/layout/FloatingModule.tsx(17,20): error TS2792: Cannot find module '@/lib/utils'. Did you mean to set the 'moduleResolution' option to 'nodenext', or to add aliases to the 'paths' option?
src/components/layout/FloatingModule.tsx(18,26): error TS2792: Cannot find module '@/components/tools/Pomodoro'. Did you mean to set the 'moduleResolution' option to 'nodenext', or to add aliases to the 'paths' option?
src/components/layout/FloatingModule.tsx(19,30): error TS2792: Cannot find module '@/components/habits/HabitTracker'. Did you mean to set the 'moduleResolution' option to 'nodenext', or to add aliases to the 'paths' option?
src/components/layout/FloatingModule.tsx(20,66): error TS2792: Cannot find module '@/components/ui/dialog'. Did you mean to set the 'moduleResolution' option to 'nodenext', or to add aliases to the 'paths' option?
src/components/layout/FloatingModule.tsx(21,25): error TS2792: Cannot find module '@/context/DataProvider'. Did you mean to set the 'moduleResolution' option to 'nodenext', or to add aliases to the 'paths' option?
src/components/layout/FloatingModule.tsx(63,9): error TS2339: Property 'div' does not exist on type 'JSX.IntrinsicElements'.
src/components/layout/FloatingModule.tsx(67,21): error TS2339: Property 'div' does not exist on type 'JSX.IntrinsicElements'.
src/components/layout/FloatingModule.tsx(105,21): error TS2339: Property 'div' does not exist on type 'JSX.IntrinsicElements'.
src/components/layout/FloatingModule.tsx(122,21): error TS2339: Property 'div' does not exist on type 'JSX.IntrinsicElements'.
src/components/layout/FloatingModule.tsx(144,29): error TS2339: Property 'span' does not exist on type 'JSX.IntrinsicElements'.
src/components/layout/FloatingModule.tsx(144,111): error TS2339: Property 'span' does not exist on type 'JSX.IntrinsicElements'.
src/components/layout/FloatingModule.tsx(157,25): error TS2339: Property 'div' does not exist on type 'JSX.IntrinsicElements'.
src/components/layout/FloatingModule.tsx(159,25): error TS2339: Property 'div' does not exist on type 'JSX.IntrinsicElements'.
src/components/layout/FloatingModule.tsx(162,25): error TS2339: Property 'div' does not exist on type 'JSX.IntrinsicElements'.
src/components/layout/FloatingModule.tsx(164,25): error TS2339: Property 'div' does not exist on type 'JSX.IntrinsicElements'.
src/components/layout/FloatingModule.tsx(167,25): error TS2339: Property 'div' does not exist on type 'JSX.IntrinsicElements'.
src/components/layout/FloatingModule.tsx(170,37): error TS2339: Property 'div' does not exist on type 'JSX.IntrinsicElements'.
src/components/layout/FloatingModule.tsx(171,41): error TS2339: Property 'div' does not exist on type 'JSX.IntrinsicElements'.
src/components/layout/FloatingModule.tsx(173,41): error TS2339: Property 'div' does not exist on type 'JSX.IntrinsicElements'.
src/components/layout/FloatingModule.tsx(174,41): error TS2339: Property 'div' does not exist on type 'JSX.IntrinsicElements'.
src/components/layout/FloatingModule.tsx(175,45): error TS2339: Property 'h3' does not exist on type 'JSX.IntrinsicElements'.
src/components/layout/FloatingModule.tsx(175,135): error TS2339: Property 'h3' does not exist on type 'JSX.IntrinsicElements'.
src/components/layout/FloatingModule.tsx(176,45): error TS2339: Property 'p' does not exist on type 'JSX.IntrinsicElements'.
src/components/layout/FloatingModule.tsx(176,148): error TS2339: Property 'p' does not exist on type 'JSX.IntrinsicElements'.
src/components/layout/FloatingModule.tsx(177,41): error TS2339: Property 'div' does not exist on type 'JSX.IntrinsicElements'.
src/components/layout/FloatingModule.tsx(178,37): error TS2339: Property 'div' does not exist on type 'JSX.IntrinsicElements'.
src/components/layout/FloatingModule.tsx(179,37): error TS2339: Property 'div' does not exist on type 'JSX.IntrinsicElements'.
src/components/layout/FloatingModule.tsx(179,178): error TS2339: Property 'div' does not exist on type 'JSX.IntrinsicElements'.
src/components/layout/FloatingModule.tsx(182,29): error TS2339: Property 'div' does not exist on type 'JSX.IntrinsicElements'.
src/components/layout/FloatingModule.tsx(183,33): error TS2339: Property 'div' does not exist on type 'JSX.IntrinsicElements'.
src/components/layout/FloatingModule.tsx(184,33): error TS2339: Property 'textarea' does not exist on type 'JSX.IntrinsicElements'.
src/components/layout/FloatingModule.tsx(190,29): error TS2339: Property 'div' does not exist on type 'JSX.IntrinsicElements'.
src/components/layout/FloatingModule.tsx(191,29): error TS2339: Property 'div' does not exist on type 'JSX.IntrinsicElements'.
src/components/layout/FloatingModule.tsx(192,33): error TS2339: Property 'div' does not exist on type 'JSX.IntrinsicElements'.
src/components/layout/FloatingModule.tsx(193,33): error TS2339: Property 'p' does not exist on type 'JSX.IntrinsicElements'.
src/components/layout/FloatingModule.tsx(195,33): error TS2339: Property 'p' does not exist on type 'JSX.IntrinsicElements'.
src/components/layout/FloatingModule.tsx(196,29): error TS2339: Property 'div' does not exist on type 'JSX.IntrinsicElements'.
src/components/layout/FloatingModule.tsx(197,25): error TS2339: Property 'div' does not exist on type 'JSX.IntrinsicElements'.
src/components/layout/FloatingModule.tsx(201,9): error TS2339: Property 'div' does not exist on type 'JSX.IntrinsicElements'.
src/constants/menu.ts(6,8): error TS2792: Cannot find module 'lucide-react'. Did you mean to set the 'moduleResolution' option to 'nodenext', or to add aliases to the 'paths' option?
src/constants/menu.ts(11,28): error TS2792: Cannot find module 'lucide-react'. Did you mean to set the 'moduleResolution' option to 'nodenext', or to add aliases to the 'paths' option?
src/context/DataProvider.tsx(11,8): error TS2792: Cannot find module '@/types'. Did you mean to set the 'moduleResolution' option to 'nodenext', or to add aliases to the 'paths' option?
src/context/DataProvider.tsx(12,105): error TS2792: Cannot find module '@/lib/supabase-data'. Did you mean to set the 'moduleResolution' option to 'nodenext', or to add aliases to the 'paths' option?
src/context/DataProvider.tsx(15,25): error TS2792: Cannot find module '@/components/auth/SessionProvider'. Did you mean to set the 'moduleResolution' option to 'nodenext', or to add aliases to the 'paths' option?
src/context/DataProvider.tsx(16,23): error TS2792: Cannot find module 'sonner'. Did you mean to set the 'moduleResolution' option to 'nodenext', or to add aliases to the 'paths' option?
src/context/DataProvider.tsx(17,99): error TS2792: Cannot find module 'date-fns'. Did you mean to set the 'moduleResolution' option to 'nodenext', or to add aliases to the 'paths' option?
src/context/DataProvider.tsx(18,33): error TS2792: Cannot find module '@/hooks/useLocalStorage'. Did you mean to set the 'moduleResolution' option to 'nodenext', or to add aliases to the 'paths' option?
src/context/DataProvider.tsx(1163,17): error TS2339: Property 'div' does not exist on type 'JSX.IntrinsicElements'.
src/context/DataProvider.tsx(1164,21): error TS2339: Property 'div' does not exist on type 'JSX.IntrinsicElements'.
src/context/DataProvider.tsx(1165,25): error TS2339: Property 'div' does not exist on type 'JSX.IntrinsicElements'.
src/context/DataProvider.tsx(1166,29): error TS2339: Property 'svg' does not exist on type 'JSX.IntrinsicElements'.
src/context/DataProvider.tsx(1166,207): error TS2339: Property 'circle' does not exist on type 'JSX.IntrinsicElements'.
src/context/DataProvider.tsx(1166,240): error TS2339: Property 'line' does not exist on type 'JSX.IntrinsicElements'.
src/context/DataProvider.tsx(1166,279): error TS2339: Property 'line' does not exist on type 'JSX.IntrinsicElements'.
src/context/DataProvider.tsx(1166,322): error TS2339: Property 'svg' does not exist on type 'JSX.IntrinsicElements'.
src/context/DataProvider.tsx(1167,25): error TS2339: Property 'div' does not exist on type 'JSX.IntrinsicElements'.
src/context/DataProvider.tsx(1168,25): error TS2339: Property 'h2' does not exist on type 'JSX.IntrinsicElements'.
src/context/DataProvider.tsx(1168,72): error TS2339: Property 'h2' does not exist on type 'JSX.IntrinsicElements'.
src/context/DataProvider.tsx(1169,25): error TS2339: Property 'p' does not exist on type 'JSX.IntrinsicElements'.
src/context/DataProvider.tsx(1170,41): error TS2339: Property 'b' does not exist on type 'JSX.IntrinsicElements'.
src/context/DataProvider.tsx(1170,56): error TS2339: Property 'b' does not exist on type 'JSX.IntrinsicElements'.
src/context/DataProvider.tsx(1170,67): error TS2339: Property 'br' does not exist on type 'JSX.IntrinsicElements'.
src/context/DataProvider.tsx(1172,25): error TS2339: Property 'p' does not exist on type 'JSX.IntrinsicElements'.
src/context/DataProvider.tsx(1173,25): error TS2339: Property 'div' does not exist on type 'JSX.IntrinsicElements'.
src/context/DataProvider.tsx(1174,29): error TS2339: Property 'button' does not exist on type 'JSX.IntrinsicElements'.
src/context/DataProvider.tsx(1179,29): error TS2339: Property 'button' does not exist on type 'JSX.IntrinsicElements'.
src/context/DataProvider.tsx(1180,29): error TS2339: Property 'button' does not exist on type 'JSX.IntrinsicElements'.
src/context/DataProvider.tsx(1185,29): error TS2339: Property 'button' does not exist on type 'JSX.IntrinsicElements'.
src/context/DataProvider.tsx(1186,25): error TS2339: Property 'div' does not exist on type 'JSX.IntrinsicElements'.
src/context/DataProvider.tsx(1187,21): error TS2339: Property 'div' does not exist on type 'JSX.IntrinsicElements'.
src/context/DataProvider.tsx(1188,17): error TS2339: Property 'div' does not exist on type 'JSX.IntrinsicElements'.
